0.01 0 2.63758e-06 0 0 0 0
0.02 0 1.29239e-05 0 0 0 0
0.03 0 3.29528e-05 0 0 0 0
0.04 0 6.24676e-05 0 0 0 0
0.05 0 0.000101583 0 0 0 0
0.06 0 0.000150496 0 0 0 0
0.07 0 0.000209416 0 0 0 0
0.08 0 0.000278538 0 0 0 0
0.09 0 0.000358038 0 0 0 0
0.1 0 0.000448067 0 0 0 0
0.11 0 0.000548751 0 0 0 0
0.12 0 0.00066019 0 0 0 0
0.13 0 0.000782458 0 0 0 0
0.14 0 0.000915598 0 0 0 0
0.15 0 0.00105962 0 0 0 0
0.16 0 0.00121452 0 0 0 0
0.17 0 0.00138024 0 0 0 0
0.18 0 0.00155672 0 0 0 0
0.19 0 0.00174388 0 0 0 0
0.2 0 0.00194163 0 0 0 0
0.21 0 0.00214989 0 0 0 0
0.22 0 0.00236859 0 0 0 0
0.23 0 0.00259771 0 0 0 0
0.24 0 0.00283724 0 0 0 0
0.25 0 0.00308719 0 0 0 0
0.26 0 0.00334762 0 0 0 0
0.27 0 0.00361859 0 0 0 0
0.28 0 0.00390017 0 0 0 0
0.29 0 0.00419242 0 0 0 0
0.3 0 0.00449539 0 0 0 0
0.31 0 0.00480907 0 0 0 0
0.32 0 0.00513342 0 0 0 0
0.33 0 0.00546832 0 0 0 0
0.34 0 0.00581359 0 0 0 0
0.35 0 0.00616896 0 0 0 0
0.36 0 0.00653406 0 0 0 0
0.37 0 0.00690846 0 0 0 0
0.38 0 0.00729162 0 0 0 0
0.39 0 0.00768292 0 0 0 0
0.4 0 0.00808169 0 0 0 0
0.41 0 0.0084872 0 0 0 0
0.42 0 0.00889868 0 0 0 0
0.43 0 0.00931536 0 0 0 0
0.44 0 0.00973648 0 0 0 0
0.45 0 0.0101613 0 0 0 0
0.46 0 0.010589 0 0 0 0
0.47 0 0.011019 0 0 0 0
0.48 0 0.0114506 0 0 0 0
0.49 0 0.0118833 0 0 0 0
0.5 0 0.0123165 0 0 0 0
0.51 0 0.0127497 0 0 0 0
0.52 0 0.0131827 0 0 0 0
0.53 0 0.0136149 0 0 0 0
0.54 0 0.0140461 0 0 0 0
0.55 0 0.0144761 0 0 0 0
0.56 0 0.0149047 0 0 0 0
0.57 0 0.0153318 0 0 0 0
0.58 0 0.0157573 0 0 0 0
0.59 0 0.0161814 0 0 0 0
0.6 0 0.0166041 0 0 0 0
0.61 0 0.0170257 0 0 0 0
0.62 0 0.0174464 0 0 0 0
0.63 0 0.0178666 0 0 0 0
0.64 0 0.0182867 0 0 0 0
0.65 0 0.0187072 0 0 0 0
0.66 0 0.0191286 0 0 0 0
0.67 0 0.0195514 0 0 0 0
0.68 0 0.0199763 0 0 0 0
0.69 0 0.0204038 0 0 0 0
0.7 0 0.0208345 0 0 0 0
0.71 0 0.0212689 0 0 0 0
0.72 0 0.0217076 0 0 0 0
0.73 0 0.022151 0 0 0 0
0.74 0 0.0225995 0 0 0 0
0.75 0 0.0230534 0 0 0 0
0.76 0 0.0235131 0 0 0 0
0.77 0 0.0239788 0 0 0 0
0.78 0 0.0244505 0 0 0 0
0.79 0 0.0249285 0 0 0 0
0.8 0 0.0254126 0 0 0 0
0.81 0 0.0259029 0 0 0 0
0.82 0 0.0263993 0 0 0 0
0.83 0 0.0269017 0 0 0 0
0.84 0 0.02741 0 0 0 0
0.85 0 0.027924 0 0 0 0
0.86 0 0.0284435 0 0 0 0
0.87 0 0.0289685 0 0 0 0
0.88 0 0.0294988 0 0 0 0
0.89 0 0.0300344 0 0 0 0
0.9 0 0.0305751 0 0 0 0
0.91 0 0.0311209 0 0 0 0
0.92 0 0.0316719 0 0 0 0
0.93 0 0.0322282 0 0 0 0
0.94 0 0.0327898 0 0 0 0
0.95 0 0.0333569 0 0 0 0
0.96 0 0.0339298 0 0 0 0
0.97 0 0.0345086 0 0 0 0
0.98 0 0.0350937 0 0 0 0
0.99 0 0.0356854 0 0 0 0
1 0 0.0362839 0 0 0 0
1.01 0 0.0368898 0 0 0 0
1.02 0 0.0375033 0 0 0 0
1.03 0 0.0381248 0 0 0 0
1.04 0 0.0387548 0 0 0 0
1.05 0 0.0393936 0 0 0 0
1.06 0 0.0400416 0 0 0 0
1.07 0 0.0406991 0 0 0 0
1.08 0 0.0413667 0 0 0 0
1.09 0 0.0420446 0 0 0 0
1.1 0 0.0427334 0 0 0 0
1.11 0 0.0434333 0 0 0 0
1.12 0 0.0441449 0 0 0 0
1.13 0 0.0448685 0 0 0 0
1.14 0 0.0456044 0 0 0 0
1.15 0 0.0463532 0 0 0 0
1.16 0 0.0471152 0 0 0 0
1.17 0 0.0478908 0 0 0 0
1.18 0 0.0486804 0 0 0 0
1.19 0 0.0494844 0 0 0 0
1.2 0 0.0503031 0 0 0 0
1.21 0 0.0511369 0 0 0 0
1.22 0 0.0519862 0 0 0 0
1.23 0 0.0528513 0 0 0 0
1.24 0 0.0537324 0 0 0 0
1.25 0 0.05463 0 0 0 0
1.26 0 0.0555442 0 0 0 0
1.27 0 0.0564753 0 0 0 0
1.28 0 0.0574234 0 0 0 0
1.29 0 0.0583888 0 0 0 0
1.3 0 0.0593716 0 0 0 0
1.31 0 0.060372 0 0 0 0
1.32 0 0.06139 0 0 0 0
1.33 0 0.0624256 0 0 0 0
1.34 0 0.063479 0 0 0 0
1.35 0 0.0645501 0 0 0 0
1.36 0 0.065639 0 0 0 0
1.37 0 0.0667455 0 0 0 0
1.38 0 0.0678696 0 0 0 0
1.39 0 0.0690113 0 0 0 0
1.4 0 0.0701704 0 0 0 0
1.41 0 0.0713468 0 0 0 0
1.42 0 0.0725404 0 0 0 0
1.43 0 0.0737511 0 0 0 0
1.44 0 0.0749786 0 0 0 0
1.45 0 0.0762229 0 0 0 0
1.46 0 0.0774837 0 0 0 0
1.47 0 0.0787608 0 0 0 0
1.48 0 0.0800542 0 0 0 0
1.49 0 0.0813635 0 0 0 0
1.5 0 0.0826886 0 0 0 0
1.51 0 0.0840294 0 0 0 0
1.52 0 0.0853855 0 0 0 0
1.53 0 0.0867569 0 0 0 0
1.54 0 0.0881432 0 0 0 0
1.55 0 0.0895444 0 0 0 0
1.56 0 0.0909601 0 0 0 0
1.57 0 0.0923903 0 0 0 0
1.58 0 0.0938346 0 0 0 0
1.59 0 0.0952929 0 0 0 0
1.6 0 0.0967652 0 0 0 0
1.61 0 0.0982511 0 0 0 0
1.62 0 0.0997505 0 0 0 0
1.63 0 0.101263 0 0 0 0
1.64 0 0.102789 0 0 0 0
1.65 0 0.104328 0 0 0 0
1.66 0 0.10588 0 0 0 0
1.67 0 0.107445 0 0 0 0
1.68 0 0.109022 0 0 0 0
1.69 0 0.110612 0 0 0 0
1.7 0 0.112214 0 0 0 0
1.71 0 0.113828 0 0 0 0
1.72 0 0.115453 0 0 0 0
1.73 0 0.117091 0 0 0 0
1.74 0 0.118739 0 0 0 0
1.75 0 0.120399 0 0 0 0
1.76 0 0.12207 0 0 0 0
1.77 0 0.123751 0 0 0 0
1.78 0 0.125443 0 0 0 0
1.79 0 0.127145 0 0 0 0
1.8 0 0.128856 0 0 0 0
1.81 0 0.130577 0 0 0 0
1.82 0 0.132307 0 0 0 0
1.83 0 0.134045 0 0 0 0
1.84 0 0.135791 0 0 0 0
1.85 0 0.137545 0 0 0 0
1.86 0 0.139306 0 0 0 0
1.87 0 0.141074 0 0 0 0
1.88 0 0.142848 0 0 0 0
1.89 0 0.144628 0 0 0 0
1.9 0 0.146413 0 0 0 0
1.91 0 0.148203 0 0 0 0
1.92 0 0.149997 0 0 0 0
1.93 0 0.151794 0 0 0 0
1.94 0 0.153595 0 0 0 0
1.95 0 0.155398 0 0 0 0
1.96 0 0.157204 0 0 0 0
1.97 0 0.15901 0 0 0 0
1.98 0 0.160818 0 0 0 0
1.99 0 0.162626 0 0 0 0
2 0 0.164435 0 0 0 0
2.01 0 0.166242 0 0 0 0
2.02 0 0.168049 0 0 0 0
2.03 0 0.169855 0 0 0 0
2.04 0 0.171658 0 0 0 0
2.05 0 0.173459 0 0 0 0
2.06 0 0.175258 0 0 0 0
2.07 0 0.177054 0 0 0 0
2.08 0 0.178846 0 0 0 0
2.09 0 0.180634 0 0 0 0
2.1 0 0.182419 0 0 0 0
2.11 0 0.1842 0 0 0 0
2.12 0 0.185977 0 0 0 0
2.13 0 0.18775 0 0 0 0
2.14 0 0.189519 0 0 0 0
2.15 0 0.191285 0 0 0 0
2.16 0 0.193047 0 0 0 0
2.17 0 0.194806 0 0 0 0
2.18 0 0.196563 0 0 0 0
2.19 0 0.198316 0 0 0 0
2.2 0 0.200066 0 0 0 0
2.21 0 0.201814 0 0 0 0
2.22 0 0.203559 0 0 0 0
2.23 0 0.2053 0 0 0 0
2.24 0 0.207037 0 0 0 0
2.25 0 0.20877 0 0 0 0
2.26 0 0.210498 0 0 0 0
2.27 0 0.21222 0 0 0 0
2.28 0 0.213935 0 0 0 0
2.29 0 0.215643 0 0 0 0
2.3 0 0.217343 0 0 0 0
2.31 0 0.219033 0 0 0 0
2.32 0 0.220713 0 0 0 0
2.33 0 0.222382 0 0 0 0
2.34 0 0.224039 0 0 0 0
2.35 0 0.225683 0 0 0 0
2.36 0 0.227315 0 0 0 0
2.37 0 0.228932 0 0 0 0
2.38 0 0.230535 0 0 0 0
2.39 0 0.232123 0 0 0 0
2.4 0 0.233697 0 0 0 0
2.41 0 0.235255 0 0 0 0
2.42 0 0.236797 0 0 0 0
2.43 0 0.238324 0 0 0 0
2.44 0 0.239836 0 0 0 0
2.45 0 0.241333 0 0 0 0
2.46 0 0.242815 0 0 0 0
2.47 0 0.244283 0 0 0 0
2.48 0 0.245737 0 0 0 0
2.49 0 0.247179 0 0 0 0
2.5 0 0.248607 0 0 0 0
2.51 0 0.250024 0 0 0 0
2.52 0 0.25143 0 0 0 0
2.53 0 0.252826 0 0 0 0
2.54 0 0.254212 0 0 0 0
2.55 0 0.255589 0 0 0 0
2.56 0 0.256957 0 0 0 0
2.57 0 0.258318 0 0 0 0
2.58 0 0.259672 0 0 0 0
2.59 0 0.261019 0 0 0 0
2.6 0 0.262359 0 0 0 0
2.61 0 0.263693 0 0 0 0
2.62 0 0.265022 0 0 0 0
2.63 0 0.266344 0 0 0 0
2.64 0 0.267661 0 0 0 0
2.65 0 0.268973 0 0 0 0
2.66 0 0.270279 0 0 0 0
2.67 0 0.271579 0 0 0 0
2.68 0 0.272874 0 0 0 0
2.69 0 0.274163 0 0 0 0
2.7 0 0.275447 0 0 0 0
2.71 0 0.276726 0 0 0 0
2.72 0 0.278 0 0 0 0
2.73 0 0.279268 0 0 0 0
2.74 0 0.280532 0 0 0 0
2.75 0 0.28179 0 0 0 0
2.76 0 0.283044 0 0 0 0
2.77 0 0.284294 0 0 0 0
2.78 0 0.285541 0 0 0 0
2.79 0 0.286783 0 0 0 0
2.8 0 0.288023 0 0 0 0
2.81 0 0.289259 0 0 0 0
2.82 0 0.290494 0 0 0 0
2.83 0 0.291726 0 0 0 0
2.84 0 0.292957 0 0 0 0
2.85 0 0.294187 0 0 0 0
2.86 0 0.295417 0 0 0 0
2.87 0 0.296646 0 0 0 0
2.88 0 0.297875 0 0 0 0
2.89 0 0.299104 0 0 0 0
2.9 0 0.300334 0 0 0 0
2.91 0 0.301565 0 0 0 0
2.92 0 0.302797 0 0 0 0
2.93 0 0.304031 0 0 0 0
2.94 0 0.305266 0 0 0 0
2.95 0 0.306503 0 0 0 0
2.96 0 0.307742 0 0 0 0
2.97 0 0.308983 0 0 0 0
2.98 0 0.310227 0 0 0 0
2.99 0 0.311473 0 0 0 0
3 0 0.312722 0 0 0 0
3.01 0 0.313974 0 0 0 0
3.02 0 0.315229 0 0 0 0
3.03 0 0.316488 0 0 0 0
3.04 0 0.31775 0 0 0 0
3.05 0 0.319016 0 0 0 0
3.06 0 0.320287 0 0 0 0
3.07 0 0.321561 0 0 0 0
3.08 0 0.32284 0 0 0 0
3.09 0 0.324123 0 0 0 0
3.1 0 0.325411 0 0 0 0
3.11 0 0.326704 0 0 0 0
3.12 0 0.328002 0 0 0 0
3.13 0 0.329305 0 0 0 0
3.14 0 0.330613 0 0 0 0
3.15 0 0.331927 0 0 0 0
3.16 0 0.333245 0 0 0 0
3.17 0 0.33457 0 0 0 0
3.18 0 0.3359 0 0 0 0
3.19 0 0.337235 0 0 0 0
3.2 0 0.338575 0 0 0 0
3.21 0 0.339921 0 0 0 0
3.22 0 0.341273 0 0 0 0
3.23 0 0.342629 0 0 0 0
3.24 0 0.343991 0 0 0 0
3.25 0 0.345358 0 0 0 0
3.26 0 0.346729 0 0 0 0
3.27 0 0.348105 0 0 0 0
3.28 0 0.349486 0 0 0 0
3.29 0 0.350871 0 0 0 0
3.3 0 0.35226 0 0 0 0
3.31 0 0.353653 0 0 0 0
3.32 0 0.35505 0 0 0 0
3.33 0 0.35645 0 0 0 0
3.34 0 0.357854 0 0 0 0
3.35 0 0.35926 0 0 0 0
3.36 0 0.360669 0 0 0 0
3.37 0 0.36208 0 0 0 0
3.38 0 0.363493 0 0 0 0
3.39 0 0.364908 0 0 0 0
3.4 0 0.366324 0 0 0 0
3.41 0 0.367741 0 0 0 0
3.42 0 0.369159 0 0 0 0
3.43 0 0.370577 0 0 0 0
3.44 0 0.371996 0 0 0 0
3.45 0 0.373414 0 0 0 0
3.46 0 0.374832 0 0 0 0
3.47 0 0.376248 0 0 0 0
3.48 0 0.377664 0 0 0 0
3.49 0 0.379077 0 0 0 0
3.5 0 0.380489 0 0 0 0
3.51 0 0.381898 0 0 0 0
3.52 0 0.383304 0 0 0 0
3.53 0 0.384707 0 0 0 0
3.54 0 0.386107 0 0 0 0
3.55 0 0.387502 0 0 0 0
3.56 0 0.388893 0 0 0 0
3.57 0 0.39028 0 0 0 0
3.58 0 0.391661 0 0 0 0
3.59 0 0.393037 0 0 0 0
3.6 0 0.394407 0 0 0 0
3.61 0 0.395771 0 0 0 0
3.62 0 0.397128 0 0 0 0
3.63 0 0.398478 0 0 0 0
3.64 0 0.399821 0 0 0 0
3.65 0 0.401155 0 0 0 0
3.66 0 0.402482 0 0 0 0
3.67 0 0.4038 0 0 0 0
3.68 0 0.405109 0 0 0 0
3.69 0 0.406409 0 0 0 0
3.7 0 0.407699 0 0 0 0
3.71 0 0.408979 0 0 0 0
3.72 0 0.410248 0 0 0 0
3.73 0 0.411507 0 0 0 0
3.74 0 0.412755 0 0 0 0
3.75 0 0.413992 0 0 0 0
3.76 0 0.415217 0 0 0 0
3.77 0 0.41643 0 0 0 0
3.78 0 0.417631 0 0 0 0
3.79 0 0.418819 0 0 0 0
3.8 0 0.419995 0 0 0 0
3.81 0 0.421158 0 0 0 0
3.82 0 0.422308 0 0 0 0
3.83 0 0.423444 0 0 0 0
3.84 0 0.424567 0 0 0 0
3.85 0 0.425677 0 0 0 0
3.86 0 0.426772 0 0 0 0
3.87 0 0.427854 0 0 0 0
3.88 0 0.428921 0 0 0 0
3.89 0 0.429974 0 0 0 0
3.9 0 0.431013 0 0 0 0
3.91 0 0.432037 0 0 0 0
3.92 0 0.433046 0 0 0 0
3.93 0 0.434041 0 0 0 0
3.94 0 0.435021 0 0 0 0
3.95 0 0.435986 0 0 0 0
3.96 0 0.436936 0 0 0 0
3.97 0 0.437871 0 0 0 0
3.98 0 0.438791 0 0 0 0
3.99 0 0.439697 0 0 0 0
4 0 0.440588 0 0 0 0
4.01 0 0.441465 0 0 0 0
4.02 0 0.442328 0 0 0 0
4.03 0 0.443177 0 0 0 0
4.04 0 0.444014 0 0 0 0
4.05 0 0.444838 0 0 0 0
4.06 0 0.445651 0 0 0 0
4.07 0 0.446452 0 0 0 0
4.08 0 0.447242 0 0 0 0
4.09 0 0.448022 0 0 0 0
4.1 0 0.448792 0 0 0 0
4.11 0 0.449551 0 0 0 0
4.12 0 0.450301 0 0 0 0
4.13 0 0.45104 0 0 0 0
4.14 0 0.451769 0 0 0 0
4.15 0 0.452486 0 0 0 0
4.16 0 0.453193 0 0 0 0
4.17 0 0.453887 0 0 0 0
4.18 0 0.454569 0 0 0 0
4.19 0 0.455237 0 0 0 0
4.2 0 0.455892 0 0 0 0
4.21 0 0.456532 0 0 0 0
4.22 0 0.457157 0 0 0 0
4.23 0 0.457767 0 0 0 0
4.24 0 0.45836 0 0 0 0
4.25 0 0.458936 0 0 0 0
4.26 0 0.459495 0 0 0 0
4.27 0 0.460037 0 0 0 0
4.28 0 0.460561 0 0 0 0
4.29 0 0.461066 0 0 0 0
4.3 0 0.461553 0 0 0 0
4.31 0 0.462022 0 0 0 0
4.32 0 0.462472 0 0 0 0
4.33 0 0.462904 0 0 0 0
4.34 0 0.463317 0 0 0 0
4.35 0 0.463711 0 0 0 0
4.36 0 0.464088 0 0 0 0
4.37 0 0.464446 0 0 0 0
4.38 0 0.464786 0 0 0 0
4.39 0 0.465109 0 0 0 0
4.4 0 0.465415 0 0 0 0
4.41 0 0.465705 0 0 0 0
4.42 0 0.465978 0 0 0 0
4.43 0 0.466235 0 0 0 0
4.44 0 0.466476 0 0 0 0
4.45 0 0.466704 0 0 0 0
4.46 0 0.466917 0 0 0 0
4.47 0 0.467117 0 0 0 0
4.48 0 0.467304 0 0 0 0
4.49 0 0.46748 0 0 0 0
4.5 0 0.467646 0 0 0 0
4.51 0 0.467801 0 0 0 0
4.52 0 0.467948 0 0 0 0
4.53 0 0.468087 0 0 0 0
4.54 0 0.468218 0 0 0 0
4.55 0 0.468344 0 0 0 0
4.56 0 0.468464 0 0 0 0
4.57 0 0.468579 0 0 0 0
4.58 0 0.46869 0 0 0 0
4.59 0 0.468797 0 0 0 0
4.6 0 0.468899 0 0 0 0
4.61 0 0.468998 0 0 0 0
4.62 0 0.469093 0 0 0 0
4.63 0 0.469184 0 0 0 0
4.64 0 0.46927 0 0 0 0
4.65 0 0.469351 0 0 0 0
4.66 0 0.469428 0 0 0 0
4.67 0 0.469499 0 0 0 0
4.68 0 0.469564 0 0 0 0
4.69 0 0.469622 0 0 0 0
4.7 0 0.469674 0 0 0 0
4.71 0 0.469718 0 0 0 0
4.72 0 0.469755 0 0 0 0
4.73 0 0.469784 0 0 0 0
4.74 0 0.469804 0 0 0 0
4.75 0 0.469816 0 0 0 0
4.76 0 0.469819 0 0 0 0
4.77 0 0.469813 0 0 0 0
4.78 0 0.469797 0 0 0 0
4.79 0 0.469772 0 0 0 0
4.8 0 0.469738 0 0 0 0
4.81 0 0.469694 0 0 0 0
4.82 0 0.469641 0 0 0 0
4.83 0 0.469579 0 0 0 0
4.84 0 0.469507 0 0 0 0
4.85 0 0.469427 0 0 0 0
4.86 0 0.469338 0 0 0 0
4.87 0 0.469242 0 0 0 0
4.88 0 0.469137 0 0 0 0
4.89 0 0.469026 0 0 0 0
4.9 0 0.468908 0 0 0 0
4.91 0 0.468784 0 0 0 0
4.92 0 0.468656 0 0 0 0
4.93 0 0.468522 0 0 0 0
4.94 0 0.468385 0 0 0 0
4.95 0 0.468245 0 0 0 0
4.96 0 0.468103 0 0 0 0
4.97 0 0.467959 0 0 0 0
4.98 0 0.467814 0 0 0 0
4.99 0 0.467668 0 0 0 0
5 0 0.467522 0 0 0 0
5.01 0 0.467376 0 0 0 0
5.02 0 0.467231 0 0 0 0
5.03 0 0.467087 0 0 0 0
5.04 0 0.466944 0 0 0 0
5.05 0 0.466802 0 0 0 0
5.06 0 0.466661 0 0 0 0
5.07 0 0.466522 0 0 0 0
5.08 0 0.466384 0 0 0 0
5.09 0 0.466247 0 0 0 0
5.1 0 0.466112 0 0 0 0
5.11 0 0.465977 0 0 0 0
5.12 0 0.465843 0 0 0 0
5.13 0 0.46571 0 0 0 0
5.14 0 0.465578 0 0 0 0
5.15 0 0.465446 0 0 0 0
5.16 0 0.465315 0 0 0 0
5.17 0 0.465184 0 0 0 0
5.18 0 0.465053 0 0 0 0
5.19 0 0.464921 0 0 0 0
5.2 0 0.46479 0 0 0 0
5.21 0 0.464657 0 0 0 0
5.22 0 0.464525 0 0 0 0
5.23 0 0.464392 0 0 0 0
5.24 0 0.464257 0 0 0 0
5.25 0 0.464122 0 0 0 0
5.26 0 0.463986 0 0 0 0
5.27 0 0.463849 0 0 0 0
5.28 0 0.463711 0 0 0 0
5.29 0 0.463572 0 0 0 0
5.3 0 0.463431 0 0 0 0
5.31 0 0.463289 0 0 0 0
5.32 0 0.463146 0 0 0 0
5.33 0 0.463002 0 0 0 0
5.34 0 0.462857 0 0 0 0
5.35 0 0.46271 0 0 0 0
5.36 0 0.462562 0 0 0 0
5.37 0 0.462414 0 0 0 0
5.38 0 0.462264 0 0 0 0
5.39 0 0.462113 0 0 0 0
5.4 0 0.461961 0 0 0 0
5.41 0 0.461809 0 0 0 0
5.42 0 0.461655 0 0 0 0
5.43 0 0.461501 0 0 0 0
5.44 0 0.461346 0 0 0 0
5.45 0 0.46119 0 0 0 0
5.46 0 0.461033 0 0 0 0
5.47 0 0.460876 0 0 0 0
5.48 0 0.460718 0 0 0 0
5.49 0 0.460559 0 0 0 0
5.5 0 0.460399 0 0 0 0
5.51 0 0.460238 0 0 0 0
5.52 0 0.460076 0 0 0 0
5.53 0 0.459912 0 0 0 0
5.54 0 0.459748 0 0 0 0
5.55 0 0.459582 0 0 0 0
5.56 0 0.459414 0 0 0 0
5.57 0 0.459245 0 0 0 0
5.58 0 0.459074 0 0 0 0
5.59 0 0.458901 0 0 0 0
5.6 0 0.458726 0 0 0 0
5.61 0 0.458548 0 0 0 0
5.62 0 0.458368 0 0 0 0
5.63 0 0.458185 0 0 0 0
5.64 0 0.458 0 0 0 0
5.65 0 0.457811 0 0 0 0
5.66 0 0.457618 0 0 0 0
5.67 0 0.457422 0 0 0 0
5.68 0 0.457223 0 0 0 0
5.69 0 0.457019 0 0 0 0
5.7 0 0.456812 0 0 0 0
5.71 0 0.4566 0 0 0 0
5.72 0 0.456384 0 0 0 0
5.73 0 0.456164 0 0 0 0
5.74 0 0.455938 0 0 0 0
5.75 0 0.455709 0 0 0 0
5.76 0 0.455474 0 0 0 0
5.77 0 0.455235 0 0 0 0
5.78 0 0.45499 0 0 0 0
5.79 0 0.454741 0 0 0 0
5.8 0 0.454487 0 0 0 0
5.81 0 0.454227 0 0 0 0
5.82 0 0.453963 0 0 0 0
5.83 0 0.453694 0 0 0 0
5.84 0 0.453419 0 0 0 0
5.85 0 0.45314 0 0 0 0
5.86 0 0.452856 0 0 0 0
5.87 0 0.452567 0 0 0 0
5.88 0 0.452273 0 0 0 0
5.89 0 0.451974 0 0 0 0
5.9 0 0.45167 0 0 0 0
5.91 0 0.451362 0 0 0 0
5.92 0 0.45105 0 0 0 0
5.93 0 0.450733 0 0 0 0
5.94 0 0.450411 0 0 0 0
5.95 0 0.450086 0 0 0 0
5.96 0 0.449756 0 0 0 0
5.97 0 0.449421 0 0 0 0
5.98 0 0.449083 0 0 0 0
5.99 0 0.448741 0 0 0 0
6 0 0.448395 0 0 0 0
6.01 0 0.448045 0 0 0 0
6.02 0 0.447692 0 0 0 0
6.03 0 0.447334 0 0 0 0
6.04 0 0.446974 0 0 0 0
6.05 0 0.44661 0 0 0 0
6.06 0 0.446242 0 0 0 0
6.07 0 0.445872 0 0 0 0
6.08 0 0.445498 0 0 0 0
6.09 0 0.445121 0 0 0 0
6.1 0 0.444742 0 0 0 0
6.11 0 0.444359 0 0 0 0
6.12 0 0.443974 0 0 0 0
6.13 0 0.443586 0 0 0 0
6.14 0 0.443196 0 0 0 0
6.15 0 0.442804 0 0 0 0
6.16 0 0.44241 0 0 0 0
6.17 0 0.442013 0 0 0 0
6.18 0 0.441615 0 0 0 0
6.19 0 0.441215 0 0 0 0
6.2 0 0.440813 0 0 0 0
6.21 0 0.44041 0 0 0 0
6.22 0 0.440006 0 0 0 0
6.23 0 0.439601 0 0 0 0
6.24 0 0.439195 0 0 0 0
6.25 0 0.438788 0 0 0 0
6.26 0 0.438381 0 0 0 0
6.27 0 0.437973 0 0 0 0
6.28 0 0.437565 0 0 0 0
6.29 0 0.437158 0 0 0 0
6.3 0 0.43675 0 0 0 0
6.31 0 0.436343 0 0 0 0
6.32 0 0.435937 0 0 0 0
6.33 0 0.435531 0 0 0 0
6.34 0 0.435127 0 0 0 0
6.35 0 0.434724 0 0 0 0
6.36 0 0.434322 0 0 0 0
6.37 0 0.433922 0 0 0 0
6.38 0 0.433524 0 0 0 0
6.39 0 0.433128 0 0 0 0
6.4 0 0.432734 0 0 0 0
6.41 0 0.432342 0 0 0 0
6.42 0 0.431954 0 0 0 0
6.43 0 0.431568 0 0 0 0
6.44 0 0.431185 0 0 0 0
6.45 0 0.430806 0 0 0 0
6.46 0 0.43043 0 0 0 0
6.47 0 0.430057 0 0 0 0
6.48 0 0.429689 0 0 0 0
6.49 0 0.429325 0 0 0 0
6.5 0 0.428965 0 0 0 0
6.51 0 0.428609 0 0 0 0
6.52 0 0.428259 0 0 0 0
6.53 0 0.427913 0 0 0 0
6.54 0 0.427573 0 0 0 0
6.55 0 0.427237 0 0 0 0
6.56 0 0.426908 0 0 0 0
6.57 0 0.426584 0 0 0 0
6.58 0 0.426266 0 0 0 0
6.59 0 0.425954 0 0 0 0
6.6 0 0.425649 0 0 0 0
6.61 0 0.42535 0 0 0 0
6.62 0 0.425058 0 0 0 0
6.63 0 0.424773 0 0 0 0
6.64 0 0.424496 0 0 0 0
6.65 0 0.424226 0 0 0 0
6.66 0 0.423963 0 0 0 0
6.67 0 0.423709 0 0 0 0
6.68 0 0.423463 0 0 0 0
6.69 0 0.423226 0 0 0 0
6.7 0 0.422997 0 0 0 0
6.71 0 0.422777 0 0 0 0
6.72 0 0.422567 0 0 0 0
6.73 0 0.422366 0 0 0 0
6.74 0 0.422175 0 0 0 0
6.75 0 0.421993 0 0 0 0
6.76 0 0.421822 0 0 0 0
6.77 0 0.421662 0 0 0 0
6.78 0 0.421512 0 0 0 0
6.79 0 0.421373 0 0 0 0
6.8 0 0.421246 0 0 0 0
6.81 0 0.42113 0 0 0 0
6.82 0 0.421025 0 0 0 0
6.83 0 0.420933 0 0 0 0
6.84 0 0.420852 0 0 0 0
6.85 0 0.420784 0 0 0 0
6.86 0 0.420728 0 0 0 0
6.87 0 0.420685 0 0 0 0
6.88 0 0.420655 0 0 0 0
6.89 0 0.420637 0 0 0 0
6.9 0 0.420632 0 0 0 0
6.91 0 0.420641 0 0 0 0
6.92 0 0.420663 0 0 0 0
6.93 0 0.420698 0 0 0 0
6.94 0 0.420747 0 0 0 0
6.95 0 0.420809 0 0 0 0
6.96 0 0.420884 0 0 0 0
6.97 0 0.420974 0 0 0 0
6.98 0 0.421077 0 0 0 0
6.99 0 0.421193 0 0 0 0
7 0 0.421323 0 0 0 0
7.01 0 0.421467 0 0 0 0
7.02 0 0.421625 0 0 0 0
7.03 0 0.421796 0 0 0 0
7.04 0 0.421981 0 0 0 0
7.05 0 0.42218 0 0 0 0
7.06 0 0.422392 0 0 0 0
7.07 0 0.422618 0 0 0 0
7.08 0 0.422857 0 0 0 0
7.09 0 0.423109 0 0 0 0
7.1 0 0.423375 0 0 0 0
7.11 0 0.423654 0 0 0 0
7.12 0 0.423947 0 0 0 0
7.13 0 0.424252 0 0 0 0
7.14 0 0.424571 0 0 0 0
7.15 0 0.424902 0 0 0 0
7.16 0 0.425247 0 0 0 0
7.17 0 0.425605 0 0 0 0
7.18 0 0.425975 0 0 0 0
7.19 0 0.426358 0 0 0 0
7.2 0 0.426754 0 0 0 0
7.21 0 0.427162 0 0 0 0
7.22 0 0.427583 0 0 0 0
7.23 0 0.428016 0 0 0 0
7.24 0 0.428462 0 0 0 0
7.25 0 0.42892 0 0 0 0
7.26 0 0.429391 0 0 0 0
7.27 0 0.429873 0 0 0 0
7.28 0 0.430368 0 0 0 0
7.29 0 0.430874 0 0 0 0
7.3 0 0.431393 0 0 0 0
7.31 0 0.431923 0 0 0 0
7.32 0 0.432465 0 0 0 0
7.33 0 0.433018 0 0 0 0
7.34 0 0.433583 0 0 0 0
7.35 0 0.43416 0 0 0 0
7.36 0 0.434747 0 0 0 0
7.37 0 0.435346 0 0 0 0
7.38 0 0.435956 0 0 0 0
7.39 0 0.436577 0 0 0 0
7.4 0 0.437209 0 0 0 0
7.41 0 0.437852 0 0 0 0
7.42 0 0.438506 0 0 0 0
7.43 0 0.43917 0 0 0 0
7.44 0 0.439846 0 0 0 0
7.45 0 0.440532 0 0 0 0
7.46 0 0.441228 0 0 0 0
7.47 0 0.441935 0 0 0 0
7.48 0 0.442653 0 0 0 0
7.49 0 0.443382 0 0 0 0
7.5 0 0.444121 0 0 0 0
7.51 0 0.44487 0 0 0 0
7.52 0 0.445631 0 0 0 0
7.53 0 0.446402 0 0 0 0
7.54 0 0.447185 0 0 0 0
7.55 0 0.447978 0 0 0 0
7.56 0 0.448782 0 0 0 0
7.57 0 0.449598 0 0 0 0
7.58 0 0.450424 0 0 0 0
7.59 0 0.451261 0 0 0 0
7.6 0 0.45211 0 0 0 0
7.61 0 0.452969 0 0 0 0
7.62 0 0.453839 0 0 0 0
7.63 0 0.454719 0 0 0 0
7.64 0 0.455609 0 0 0 0
7.65 0 0.45651 0 0 0 0
7.66 0 0.45742 0 0 0 0
7.67 0 0.458339 0 0 0 0
7.68 0 0.459268 0 0 0 0
7.69 0 0.460206 0 0 0 0
7.7 0 0.461152 0 0 0 0
7.71 0 0.462106 0 0 0 0
7.72 0 0.463068 0 0 0 0
7.73 0 0.464038 0 0 0 0
7.74 0 0.465015 0 0 0 0
7.75 0 0.466 0 0 0 0
7.76 0 0.466991 0 0 0 0
7.77 0 0.46799 0 0 0 0
7.78 0 0.468995 0 0 0 0
7.79 0 0.470006 0 0 0 0
7.8 0 0.471025 0 0 0 0
7.81 0 0.47205 0 0 0 0
7.82 0 0.473082 0 0 0 0
7.83 0 0.47412 0 0 0 0
7.84 0 0.475165 0 0 0 0
7.85 0 0.476218 0 0 0 0
7.86 0 0.477278 0 0 0 0
7.87 0 0.478345 0 0 0 0
7.88 0 0.479421 0 0 0 0
7.89 0 0.480504 0 0 0 0
7.9 0 0.481597 0 0 0 0
7.91 0 0.482698 0 0 0 0
7.92 0 0.483809 0 0 0 0
7.93 0 0.484929 0 0 0 0
7.94 0 0.486059 0 0 0 0
7.95 0 0.487199 0 0 0 0
7.96 0 0.48835 0 0 0 0
7.97 0 0.489512 0 0 0 0
7.98 0 0.490684 0 0 0 0
7.99 0 0.491867 0 0 0 0
8 0 0.493061 0 0 0 0
8.01 0 0.494266 0 0 0 0
8.02 0 0.495482 0 0 0 0
8.03 0 0.496709 0 0 0 0
8.04 0 0.497947 0 0 0 0
8.05 0 0.499195 0 0 0 0
8.06 0 0.500454 0 0 0 0
8.07 0 0.501723 0 0 0 0
8.08 0 0.503002 0 0 0 0
8.09 0 0.504291 0 0 0 0
8.1 0 0.50559 0 0 0 0
8.11 0 0.506898 0 0 0 0
8.12 0 0.508216 0 0 0 0
8.13 0 0.509544 0 0 0 0
8.14 0 0.51088 0 0 0 0
8.15 0 0.512227 0 0 0 0
8.16 0 0.513582 0 0 0 0
8.17 0 0.514947 0 0 0 0
8.18 0 0.516322 0 0 0 0
8.19 0 0.517705 0 0 0 0
8.2 0 0.519099 0 0 0 0
8.21 0 0.520501 0 0 0 0
8.22 0 0.521914 0 0 0 0
8.23 0 0.523336 0 0 0 0
8.24 0 0.524769 0 0 0 0
8.25 0 0.526211 0 0 0 0
8.26 0 0.527664 0 0 0 0
8.27 0 0.529127 0 0 0 0
8.28 0 0.5306 0 0 0 0
8.29 0 0.532084 0 0 0 0
8.3 0 0.533578 0 0 0 0
8.31 0 0.535083 0 0 0 0
8.32 0 0.536599 0 0 0 0
8.33 0 0.538125 0 0 0 0
8.34 0 0.539662 0 0 0 0
8.35 0 0.54121 0 0 0 0
8.36 0 0.542769 0 0 0 0
8.37 0 0.544338 0 0 0 0
8.38 0 0.545919 0 0 0 0
8.39 0 0.54751 0 0 0 0
8.4 0 0.549111 0 0 0 0
8.41 0 0.550724 0 0 0 0
8.42 0 0.552347 0 0 0 0
8.43 0 0.553981 0 0 0 0
8.44 0 0.555625 0 0 0 0
8.45 0 0.557281 0 0 0 0
8.46 0 0.558947 0 0 0 0
8.47 0 0.560624 0 0 0 0
8.48 0 0.562311 0 0 0 0
8.49 0 0.56401 0 0 0 0
8.5 0 0.565719 0 0 0 0
8.51 0 0.567439 0 0 0 0
8.52 0 0.56917 0 0 0 0
8.53 0 0.570912 0 0 0 0
8.54 0 0.572666 0 0 0 0
8.55 0 0.57443 0 0 0 0
8.56 0 0.576205 0 0 0 0
8.57 0 0.577991 0 0 0 0
8.58 0 0.579788 0 0 0 0
8.59 0 0.581596 0 0 0 0
8.6 0 0.583415 0 0 0 0
8.61 0 0.585245 0 0 0 0
8.62 0 0.587086 0 0 0 0
8.63 0 0.588938 0 0 0 0
8.64 0 0.590801 0 0 0 0
8.65 0 0.592674 0 0 0 0
8.66 0 0.594559 0 0 0 0
8.67 0 0.596454 0 0 0 0
8.68 0 0.598359 0 0 0 0
8.69 0 0.600276 0 0 0 0
8.7 0 0.602203 0 0 0 0
8.71 0 0.60414 0 0 0 0
8.72 0 0.606088 0 0 0 0
8.73 0 0.608046 0 0 0 0
8.74 0 0.610014 0 0 0 0
8.75 0 0.611993 0 0 0 0
8.76 0 0.613981 0 0 0 0
8.77 0 0.61598 0 0 0 0
8.78 0 0.617989 0 0 0 0
8.79 0 0.620007 0 0 0 0
8.8 0 0.622036 0 0 0 0
8.81 0 0.624074 0 0 0 0
8.82 0 0.626122 0 0 0 0
8.83 0 0.62818 0 0 0 0
8.84 0 0.630247 0 0 0 0
8.85 0 0.632324 0 0 0 0
8.86 0 0.63441 0 0 0 0
8.87 0 0.636505 0 0 0 0
8.88 0 0.63861 0 0 0 0
8.89 0 0.640725 0 0 0 0
8.9 0 0.642848 0 0 0 0
8.91 0 0.644981 0 0 0 0
8.92 0 0.647123 0 0 0 0
8.93 0 0.649273 0 0 0 0
8.94 0 0.651433 0 0 0 0
8.95 0 0.653602 0 0 0 0
8.96 0 0.655779 0 0 0 0
8.97 0 0.657965 0 0 0 0
8.98 0 0.66016 0 0 0 0
8.99 0 0.662364 0 0 0 0
9 0 0.664576 0 0 0 0
9.01 0 0.666796 0 0 0 0
9.02 0 0.669025 0 0 0 0
9.03 0 0.671262 0 0 0 0
9.04 0 0.673507 0 0 0 0
9.05 0 0.67576 0 0 0 0
9.06 0 0.678021 0 0 0 0
9.07 0 0.680289 0 0 0 0
9.08 0 0.682565 0 0 0 0
9.09 0 0.684849 0 0 0 0
9.1 0 0.68714 0 0 0 0
9.11 0 0.689438 0 0 0 0
9.12 0 0.691744 0 0 0 0
9.13 0 0.694056 0 0 0 0
9.14 0 0.696375 0 0 0 0
9.15 0 0.698701 0 0 0 0
9.16 0 0.701034 0 0 0 0
9.17 0 0.703372 0 0 0 0
9.18 0 0.705717 0 0 0 0
9.19 0 0.708069 0 0 0 0
9.2 0 0.710426 0 0 0 0
9.21 0 0.712789 0 0 0 0
9.22 0 0.715157 0 0 0 0
9.23 0 0.717532 0 0 0 0
9.24 0 0.719911 0 0 0 0
9.25 0 0.722296 0 0 0 0
9.26 0 0.724686 0 0 0 0
9.27 0 0.727081 0 0 0 0
9.28 0 0.729481 0 0 0 0
9.29 0 0.731885 0 0 0 0
9.3 0 0.734294 0 0 0 0
9.31 0 0.736707 0 0 0 0
9.32 0 0.739125 0 0 0 0
9.33 0 0.741547 0 0 0 0
9.34 0 0.743972 0 0 0 0
9.35 0 0.746402 0 0 0 0
9.36 0 0.748835 0 0 0 0
9.37 0 0.751272 0 0 0 0
9.38 0 0.753713 0 0 0 0
9.39 0 0.756156 0 0 0 0
9.4 0 0.758604 0 0 0 0
9.41 0 0.761054 0 0 0 0
9.42 0 0.763507 0 0 0 0
9.43 0 0.765964 0 0 0 0
9.44 0 0.768423 0 0 0 0
9.45 0 0.770885 0 0 0 0
9.46 0 0.77335 0 0 0 0
9.47 0 0.775817 0 0 0 0
9.48 0 0.778287 0 0 0 0
9.49 0 0.780759 0 0 0 0
9.5 0 0.783234 0 0 0 0
9.51 0 0.785711 0 0 0 0
9.52 0 0.78819 0 0 0 0
9.53 0 0.790671 0 0 0 0
9.54 0 0.793155 0 0 0 0
9.55 0 0.79564 0 0 0 0
9.56 0 0.798127 0 0 0 0
9.57 0 0.800617 0 0 0 0
9.58 0 0.803108 0 0 0 0
9.59 0 0.805601 0 0 0 0
9.6 0 0.808095 0 0 0 0
9.61 0 0.810591 0 0 0 0
9.62 0 0.813089 0 0 0 0
9.63 0 0.815588 0 0 0 0
9.64 0 0.818089 0 0 0 0
9.65 0 0.82059 0 0 0 0
9.66 0 0.823094 0 0 0 0
9.67 0 0.825598 0 0 0 0
9.68 0 0.828103 0 0 0 0
9.69 0 0.83061 0 0 0 0
9.7 0 0.833117 0 0 0 0
9.71 0 0.835625 0 0 0 0
9.72 0 0.838134 0 0 0 0
9.73 0 0.840644 0 0 0 0
9.74 0 0.843154 0 0 0 0
9.75 0 0.845665 0 0 0 0
9.76 0 0.848176 0 0 0 0
9.77 0 0.850688 0 0 0 0
9.78 0 0.853199 0 0 0 0
9.79 0 0.855711 0 0 0 0
9.8 0 0.858223 0 0 0 0
9.81 0 0.860736 0 0 0 0
9.82 0 0.863247 0 0 0 0
9.83 0 0.865759 0 0 0 0
9.84 0 0.868271 0 0 0 0
9.85 0 0.870782 0 0 0 0
9.86 0 0.873293 0 0 0 0
9.87 0 0.875803 0 0 0 0
9.88 0 0.878313 0 0 0 0
9.89 0 0.880822 0 0 0 0
9.9 0 0.883331 0 0 0 0
9.91 0 0.885838 0 0 0 0
9.92 0 0.888345 0 0 0 0
9.93 0 0.890851 0 0 0 0
9.94 0 0.893356 0 0 0 0
9.95 0 0.89586 0 0 0 0
9.96 0 0.898362 0 0 0 0
9.97 0 0.900864 0 0 0 0
9.98 0 0.903364 0 0 0 0
9.99 0 0.905863 0 0 0 0
10 0 0.908361 0 0 0 0
10.01 0 0.910857 0 0 0 0
10.02 0 0.913351 0 0 0 0
10.03 0 0.915844 0 0 0 0
10.04 0 0.918335 0 0 0 0
10.05 0 0.920825 0 0 0 0
10.06 0 0.923313 0 0 0 0
10.07 0 0.925799 0 0 0 0
10.08 0 0.928283 0 0 0 0
10.09 0 0.930765 0 0 0 0
10.1 0 0.933245 0 0 0 0
10.11 0 0.935724 0 0 0 0
10.12 0 0.9382 0 0 0 0
10.13 0 0.940674 0 0 0 0
10.14 0 0.943146 0 0 0 0
10.15 0 0.945615 0 0 0 0
10.16 0 0.948082 0 0 0 0
10.17 0 0.950547 0 0 0 0
10.18 0 0.95301 0 0 0 0
10.19 0 0.955469 0 0 0 0
10.2 0 0.957927 0 0 0 0
10.21 0 0.960381 0 0 0 0
10.22 0 0.962833 0 0 0 0
10.23 0 0.965283 0 0 0 0
10.24 0 0.967729 0 0 0 0
10.25 0 0.970173 0 0 0 0
10.26 0 0.972613 0 0 0 0
10.27 0 0.975051 0 0 0 0
10.28 0 0.977486 0 0 0 0
10.29 0 0.979917 0 0 0 0
10.3 0 0.982346 0 0 0 0
10.31 0 0.984771 0 0 0 0
10.32 0 0.987193 0 0 0 0
10.33 0 0.989611 0 0 0 0
10.34 0 0.992026 0 0 0 0
10.35 0 0.994438 0 0 0 0
10.36 0 0.996846 0 0 0 0
10.37 0 0.999251 0 0 0 0
10.38 0 1.00165 0 0 0 0
10.39 0 1.00405 0 0 0 0
10.4 0 1.00644 0 0 0 0
10.41 0 1.00883 0 0 0 0
10.42 0 1.01122 0 0 0 0
10.43 0 1.0136 0 0 0 0
10.44 0 1.01598 0 0 0 0
10.45 0 1.01835 0 0 0 0
10.46 0 1.02072 0 0 0 0
10.47 0 1.02308 0 0 0 0
10.48 0 1.02544 0 0 0 0
10.49 0 1.0278 0 0 0 0
10.5 0 1.03015 0 0 0 0
10.51 0 1.0325 0 0 0 0
10.52 0 1.03484 0 0 0 0
10.53 0 1.03718 0 0 0 0
10.54 0 1.03951 0 0 0 0
10.55 0 1.04184 0 0 0 0
10.56 0 1.04416 0 0 0 0
10.57 0 1.04648 0 0 0 0
10.58 0 1.0488 0 0 0 0
10.59 0 1.0511 0 0 0 0
10.6 0 1.05341 0 0 0 0
10.61 0 1.05571 0 0 0 0
10.62 0 1.058 0 0 0 0
10.63 0 1.06029 0 0 0 0
10.64 0 1.06257 0 0 0 0
10.65 0 1.06485 0 0 0 0
10.66 0 1.06712 0 0 0 0
10.67 0 1.06939 0 0 0 0
10.68 0 1.07165 0 0 0 0
10.69 0 1.0739 0 0 0 0
10.7 0 1.07615 0 0 0 0
10.71 0 1.07839 0 0 0 0
10.72 0 1.08063 0 0 0 0
10.73 0 1.08286 0 0 0 0
10.74 0 1.08509 0 0 0 0
10.75 0 1.08731 0 0 0 0
10.76 0 1.08952 0 0 0 0
10.77 0 1.09173 0 0 0 0
10.78 0 1.09393 0 0 0 0
10.79 0 1.09613 0 0 0 0
10.8 0 1.09831 0 0 0 0
10.81 0 1.1005 0 0 0 0
10.82 0 1.10267 0 0 0 0
10.83 0 1.10484 0 0 0 0
10.84 0 1.107 0 0 0 0
10.85 0 1.10916 0 0 0 0
10.86 0 1.11131 0 0 0 0
10.87 0 1.11345 0 0 0 0
10.88 0 1.11559 0 0 0 0
10.89 0 1.11772 0 0 0 0
10.9 0 1.11984 0 0 0 0
10.91 0 1.12196 0 0 0 0
10.92 0 1.12407 0 0 0 0
10.93 0 1.12617 0 0 0 0
10.94 0 1.12826 0 0 0 0
10.95 0 1.13035 0 0 0 0
10.96 0 1.13243 0 0 0 0
10.97 0 1.1345 0 0 0 0
10.98 0 1.13657 0 0 0 0
10.99 0 1.13863 0 0 0 0
11 0 1.14068 0 0 0 0
11.01 0 1.14273 0 0 0 0
11.02 0 1.14476 0 0 0 0
11.03 0 1.14679 0 0 0 0
11.04 0 1.14882 0 0 0 0
11.05 0 1.15083 0 0 0 0
11.06 0 1.15284 0 0 0 0
11.07 0 1.15484 0 0 0 0
11.08 0 1.15683 0 0 0 0
11.09 0 1.15881 0 0 0 0
11.1 0 1.16079 0 0 0 0
11.11 0 1.16276 0 0 0 0
11.12 0 1.16472 0 0 0 0
11.13 0 1.16668 0 0 0 0
11.14 0 1.16862 0 0 0 0
11.15 0 1.17056 0 0 0 0
11.16 0 1.17249 0 0 0 0
11.17 0 1.17441 0 0 0 0
11.18 0 1.17633 0 0 0 0
11.19 0 1.17824 0 0 0 0
11.2 0 1.18014 0 0 0 0
11.21 0 1.18203 0 0 0 0
11.22 0 1.18391 0 0 0 0
11.23 0 1.18579 0 0 0 0
11.24 0 1.18766 0 0 0 0
11.25 0 1.18952 0 0 0 0
11.26 0 1.19137 0 0 0 0
11.27 0 1.19322 0 0 0 0
11.28 0 1.19506 0 0 0 0
11.29 0 1.19689 0 0 0 0
11.3 0 1.19871 0 0 0 0
11.31 0 1.20053 0 0 0 0
11.32 0 1.20233 0 0 0 0
11.33 0 1.20414 0 0 0 0
11.34 0 1.20593 0 0 0 0
11.35 0 1.20772 0 0 0 0
11.36 0 1.20949 0 0 0 0
11.37 0 1.21127 0 0 0 0
11.38 0 1.21303 0 0 0 0
11.39 0 1.21479 0 0 0 0
11.4 0 1.21654 0 0 0 0
11.41 0 1.21828 0 0 0 0
11.42 0 1.22002 0 0 0 0
11.43 0 1.22175 0 0 0 0
11.44 0 1.22347 0 0 0 0
11.45 0 1.22518 0 0 0 0
11.46 0 1.22689 0 0 0 0
11.47 0 1.22859 0 0 0 0
11.48 0 1.23028 0 0 0 0
11.49 0 1.23197 0 0 0 0
11.5 0 1.23364 0 0 0 0
11.51 0 1.23532 0 0 0 0
11.52 0 1.23698 0 0 0 0
11.53 0 1.23864 0 0 0 0
11.54 0 1.24029 0 0 0 0
11.55 0 1.24193 0 0 0 0
11.56 0 1.24356 0 0 0 0
11.57 0 1.24519 0 0 0 0
11.58 0 1.24681 0 0 0 0
11.59 0 1.24843 0 0 0 0
11.6 0 1.25004 0 0 0 0
11.61 0 1.25164 0 0 0 0
11.62 0 1.25323 0 0 0 0
11.63 0 1.25482 0 0 0 0
11.64 0 1.25639 0 0 0 0
11.65 0 1.25797 0 0 0 0
11.66 0 1.25953 0 0 0 0
11.67 0 1.26109 0 0 0 0
11.68 0 1.26264 0 0 0 0
11.69 0 1.26419 0 0 0 0
11.7 0 1.26572 0 0 0 0
11.71 0 1.26726 0 0 0 0
11.72 0 1.26878 0 0 0 0
11.73 0 1.2703 0 0 0 0
11.74 0 1.27181 0 0 0 0
11.75 0 1.27331 0 0 0 0
11.76 0 1.27481 0 0 0 0
11.77 0 1.2763 0 0 0 0
11.78 0 1.27778 0 0 0 0
11.79 0 1.27926 0 0 0 0
11.8 0 1.28073 0 0 0 0
11.81 0 1.28219 0 0 0 0
11.82 0 1.28365 0 0 0 0
11.83 0 1.2851 0 0 0 0
11.84 0 1.28655 0 0 0 0
11.85 0 1.28798 0 0 0 0
11.86 0 1.28941 0 0 0 0
11.87 0 1.29084 0 0 0 0
11.88 0 1.29226 0 0 0 0
11.89 0 1.29367 0 0 0 0
11.9 0 1.29507 0 0 0 0
11.91 0 1.29647 0 0 0 0
11.92 0 1.29787 0 0 0 0
11.93 0 1.29925 0 0 0 0
11.94 0 1.30063 0 0 0 0
11.95 0 1.30201 0 0 0 0
11.96 0 1.30337 0 0 0 0
11.97 0 1.30473 0 0 0 0
11.98 0 1.30609 0 0 0 0
11.99 0 1.30744 0 0 0 0
12 0 1.30878 0 0 0 0
12.01 0 1.31012 0 0 0 0
12.02 0 1.31145 0 0 0 0
12.03 0 1.31277 0 0 0 0
12.04 0 1.31409 0 0 0 0
12.05 0 1.3154 0 0 0 0
12.06 0 1.3167 0 0 0 0
12.07 0 1.318 0 0 0 0
12.08 0 1.31929 0 0 0 0
12.09 0 1.32058 0 0 0 0
12.1 0 1.32186 0 0 0 0
12.11 0 1.32313 0 0 0 0
12.12 0 1.3244 0 0 0 0
12.13 0 1.32566 0 0 0 0
12.14 0 1.32692 0 0 0 0
12.15 0 1.32817 0 0 0 0
12.16 0 1.32941 0 0 0 0
12.17 0 1.33065 0 0 0 0
12.18 0 1.33188 0 0 0 0
12.19 0 1.33311 0 0 0 0
12.2 0 1.33433 0 0 0 0
12.21 0 1.33555 0 0 0 0
12.22 0 1.33676 0 0 0 0
12.23 0 1.33796 0 0 0 0
12.24 0 1.33916 0 0 0 0
12.25 0 1.34035 0 0 0 0
12.26 0 1.34153 0 0 0 0
12.27 0 1.34271 0 0 0 0
12.28 0 1.34389 0 0 0 0
12.29 0 1.34506 0 0 0 0
12.3 0 1.34622 0 0 0 0
12.31 0 1.34737 0 0 0 0
12.32 0 1.34853 0 0 0 0
12.33 0 1.34967 0 0 0 0
12.34 0 1.35081 0 0 0 0
12.35 0 1.35194 0 0 0 0
12.36 0 1.35307 0 0 0 0
12.37 0 1.3542 0 0 0 0
12.38 0 1.35531 0 0 0 0
12.39 0 1.35642 0 0 0 0
12.4 0 1.35753 0 0 0 0
12.41 0 1.35863 0 0 0 0
12.42 0 1.35972 0 0 0 0
12.43 0 1.36081 0 0 0 0
12.44 0 1.3619 0 0 0 0
12.45 0 1.36297 0 0 0 0
12.46 0 1.36405 0 0 0 0
12.47 0 1.36511 0 0 0 0
12.48 0 1.36618 0 0 0 0
12.49 0 1.36723 0 0 0 0
12.5 0 1.36828 0 0 0 0
12.51 0 1.36933 0 0 0 0
12.52 0 1.37037 0 0 0 0
12.53 0 1.3714 0 0 0 0
12.54 0 1.37243 0 0 0 0
12.55 0 1.37346 0 0 0 0
12.56 0 1.37448 0 0 0 0
12.57 0 1.37549 0 0 0 0
12.58 0 1.3765 0 0 0 0
12.59 0 1.37751 0 0 0 0
12.6 0 1.37851 0 0 0 0
12.61 0 1.3795 0 0 0 0
12.62 0 1.38049 0 0 0 0
12.63 0 1.38148 0 0 0 0
12.64 0 1.38246 0 0 0 0
12.65 0 1.38344 0 0 0 0
12.66 0 1.38441 0 0 0 0
12.67 0 1.38538 0 0 0 0
12.68 0 1.38634 0 0 0 0
12.69 0 1.3873 0 0 0 0
12.7 0 1.38825 0 0 0 0
12.71 0 1.3892 0 0 0 0
12.72 0 1.39015 0 0 0 0
12.73 0 1.39109 0 0 0 0
12.74 0 1.39203 0 0 0 0
12.75 0 1.39297 0 0 0 0
12.76 0 1.3939 0 0 0 0
12.77 0 1.39482 0 0 0 0
12.78 0 1.39575 0 0 0 0
12.79 0 1.39667 0 0 0 0
12.8 0 1.39758 0 0 0 0
12.81 0 1.39849 0 0 0 0
12.82 0 1.3994 0 0 0 0
12.83 0 1.40031 0 0 0 0
12.84 0 1.40121 0 0 0 0
12.85 0 1.40211 0 0 0 0
12.86 0 1.40301 0 0 0 0
12.87 0 1.4039 0 0 0 0
12.88 0 1.40479 0 0 0 0
12.89 0 1.40568 0 0 0 0
12.9 0 1.40656 0 0 0 0
12.91 0 1.40744 0 0 0 0
12.92 0 1.40832 0 0 0 0
12.93 0 1.4092 0 0 0 0
12.94 0 1.41007 0 0 0 0
12.95 0 1.41094 0 0 0 0
12.96 0 1.41181 0 0 0 0
12.97 0 1.41268 0 0 0 0
12.98 0 1.41354 0 0 0 0
12.99 0 1.4144 0 0 0 0
13 0 1.41526 0 0 0 0
13.01 0 1.41612 0 0 0 0
13.02 0 1.41697 0 0 0 0
13.03 0 1.41783 0 0 0 0
13.04 0 1.41868 0 0 0 0
13.05 0 1.41953 0 0 0 0
13.06 0 1.42038 0 0 0 0
13.07 0 1.42122 0 0 0 0
13.08 0 1.42207 0 0 0 0
13.09 0 1.42291 0 0 0 0
13.1 0 1.42375 0 0 0 0
13.11 0 1.42459 0 0 0 0
13.12 0 1.42543 0 0 0 0
13.13 0 1.42627 0 0 0 0
13.14 0 1.4271 0 0 0 0
13.15 0 1.42794 0 0 0 0
13.16 0 1.42877 0 0 0 0
13.17 0 1.4296 0 0 0 0
13.18 0 1.43044 0 0 0 0
13.19 0 1.43127 0 0 0 0
13.2 0 1.4321 0 0 0 0
13.21 0 1.43292 0 0 0 0
13.22 0 1.43375 0 0 0 0
13.23 0 1.43458 0 0 0 0
13.24 0 1.43541 0 0 0 0
13.25 0 1.43623 0 0 0 0
13.26 0 1.43706 0 0 0 0
13.27 0 1.43789 0 0 0 0
13.28 0 1.43871 0 0 0 0
13.29 0 1.43954 0 0 0 0
13.3 0 1.44036 0 0 0 0
13.31 0 1.44119 0 0 0 0
13.32 0 1.44201 0 0 0 0
13.33 0 1.44284 0 0 0 0
13.34 0 1.44366 0 0 0 0
13.35 0 1.44448 0 0 0 0
13.36 0 1.44531 0 0 0 0
13.37 0 1.44613 0 0 0 0
13.38 0 1.44696 0 0 0 0
13.39 0 1.44778 0 0 0 0
13.4 0 1.44861 0 0 0 0
13.41 0 1.44943 0 0 0 0
13.42 0 1.45026 0 0 0 0
13.43 0 1.45109 0 0 0 0
13.44 0 1.45191 0 0 0 0
13.45 0 1.45274 0 0 0 0
13.46 0 1.45357 0 0 0 0
13.47 0 1.4544 0 0 0 0
13.48 0 1.45523 0 0 0 0
13.49 0 1.45606 0 0 0 0
13.5 0 1.45689 0 0 0 0
13.51 0 1.45772 0 0 0 0
13.52 0 1.45856 0 0 0 0
13.53 0 1.45939 0 0 0 0
13.54 0 1.46022 0 0 0 0
13.55 0 1.46106 0 0 0 0
13.56 0 1.4619 0 0 0 0
13.57 0 1.46273 0 0 0 0
13.58 0 1.46357 0 0 0 0
13.59 0 1.46441 0 0 0 0
13.6 0 1.46525 0 0 0 0
13.61 0 1.46609 0 0 0 0
13.62 0 1.46693 0 0 0 0
13.63 0 1.46778 0 0 0 0
13.64 0 1.46862 0 0 0 0
13.65 0 1.46947 0 0 0 0
13.66 0 1.47032 0 0 0 0
13.67 0 1.47116 0 0 0 0
13.68 0 1.47201 0 0 0 0
13.69 0 1.47286 0 0 0 0
13.7 0 1.47372 0 0 0 0
13.71 0 1.47457 0 0 0 0
13.72 0 1.47542 0 0 0 0
13.73 0 1.47628 0 0 0 0
13.74 0 1.47714 0 0 0 0
13.75 0 1.478 0 0 0 0
13.76 0 1.47886 0 0 0 0
13.77 0 1.47972 0 0 0 0
13.78 0 1.48059 0 0 0 0
13.79 0 1.48145 0 0 0 0
13.8 0 1.48232 0 0 0 0
13.81 0 1.48319 0 0 0 0
13.82 0 1.48406 0 0 0 0
13.83 0 1.48494 0 0 0 0
13.84 0 1.48581 0 0 0 0
13.85 0 1.48669 0 0 0 0
13.86 0 1.48757 0 0 0 0
13.87 0 1.48845 0 0 0 0
13.88 0 1.48934 0 0 0 0
13.89 0 1.49022 0 0 0 0
13.9 0 1.49111 0 0 0 0
13.91 0 1.492 0 0 0 0
13.92 0 1.49289 0 0 0 0
13.93 0 1.49379 0 0 0 0
13.94 0 1.49469 0 0 0 0
13.95 0 1.49559 0 0 0 0
13.96 0 1.49649 0 0 0 0
13.97 0 1.4974 0 0 0 0
13.98 0 1.4983 0 0 0 0
13.99 0 1.49922 0 0 0 0
14 0 1.50013 0 0 0 0
14.01 0 1.50104 0 0 0 0
14.02 0 1.50196 0 0 0 0
14.03 0 1.50288 0 0 0 0
14.04 0 1.50381 0 0 0 0
14.05 0 1.50473 0 0 0 0
14.06 0 1.50566 0 0 0 0
14.07 0 1.5066 0 0 0 0
14.08 0 1.50753 0 0 0 0
14.09 0 1.50847 0 0 0 0
14.1 0 1.50941 0 0 0 0
14.11 0 1.51035 0 0 0 0
14.12 0 1.5113 0 0 0 0
14.13 0 1.51225 0 0 0 0
14.14 0 1.5132 0 0 0 0
14.15 0 1.51416 0 0 0 0
14.16 0 1.51512 0 0 0 0
14.17 0 1.51608 0 0 0 0
14.18 0 1.51705 0 0 0 0
14.19 0 1.51802 0 0 0 0
14.2 0 1.519 0 0 0 0
14.21 0 1.51997 0 0 0 0
14.22 0 1.52095 0 0 0 0
14.23 0 1.52194 0 0 0 0
14.24 0 1.52293 0 0 0 0
14.25 0 1.52392 0 0 0 0
14.26 0 1.52492 0 0 0 0
14.27 0 1.52592 0 0 0 0
14.28 0 1.52693 0 0 0 0
14.29 0 1.52793 0 0 0 0
14.3 0 1.52895 0 0 0 0
14.31 0 1.52997 0 0 0 0
14.32 0 1.53099 0 0 0 0
14.33 0 1.53202 0 0 0 0
14.34 0 1.53305 0 0 0 0
14.35 0 1.53409 0 0 0 0
14.36 0 1.53513 0 0 0 0
14.37 0 1.53618 0 0 0 0
14.38 0 1.53723 0 0 0 0
14.39 0 1.53828 0 0 0 0
14.4 0 1.53935 0 0 0 0
14.41 0 1.54041 0 0 0 0
14.42 0 1.54149 0 0 0 0
14.43 0 1.54256 0 0 0 0
14.44 0 1.54365 0 0 0 0
14.45 0 1.54474 0 0 0 0
14.46 0 1.54583 0 0 0 0
14.47 0 1.54693 0 0 0 0
14.48 0 1.54803 0 0 0 0
14.49 0 1.54915 0 0 0 0
14.5 0 1.55026 0 0 0 0
14.51 0 1.55139 0 0 0 0
14.52 0 1.55251 0 0 0 0
14.53 0 1.55365 0 0 0 0
14.54 0 1.55479 0 0 0 0
14.55 0 1.55594 0 0 0 0
14.56 0 1.55709 0 0 0 0
14.57 0 1.55825 0 0 0 0
14.58 0 1.55942 0 0 0 0
14.59 0 1.56059 0 0 0 0
14.6 0 1.56177 0 0 0 0
14.61 0 1.56295 0 0 0 0
14.62 0 1.56415 0 0 0 0
14.63 0 1.56534 0 0 0 0
14.64 0 1.56655 0 0 0 0
14.65 0 1.56776 0 0 0 0
14.66 0 1.56898 0 0 0 0
14.67 0 1.57021 0 0 0 0
14.68 0 1.57145 0 0 0 0
14.69 0 1.57269 0 0 0 0
14.7 0 1.57394 0 0 0 0
14.71 0 1.57519 0 0 0 0
14.72 0 1.57646 0 0 0 0
14.73 0 1.57773 0 0 0 0
14.74 0 1.57901 0 0 0 0
14.75 0 1.5803 0 0 0 0
14.76 0 1.5816 0 0 0 0
14.77 0 1.5829 0 0 0 0
14.78 0 1.58422 0 0 0 0
14.79 0 1.58554 0 0 0 0
14.8 0 1.58687 0 0 0 0
14.81 0 1.58821 0 0 0 0
14.82 0 1.58955 0 0 0 0
14.83 0 1.59091 0 0 0 0
14.84 0 1.59228 0 0 0 0
14.85 0 1.59365 0 0 0 0
14.86 0 1.59503 0 0 0 0
14.87 0 1.59643 0 0 0 0
14.88 0 1.59783 0 0 0 0
14.89 0 1.59924 0 0 0 0
14.9 0 1.60066 0 0 0 0
14.91 0 1.60209 0 0 0 0
14.92 0 1.60353 0 0 0 0
14.93 0 1.60498 0 0 0 0
14.94 0 1.60643 0 0 0 0
14.95 0 1.6079 0 0 0 0
14.96 0 1.60938 0 0 0 0
14.97 0 1.61086 0 0 0 0
14.98 0 1.61236 0 0 0 0
14.99 0 1.61386 0 0 0 0
15 0 1.61538 0 0 0 0
15.01 0 1.6169 0 0 0 0
15.02 0 1.61843 0 0 0 0
15.03 0 1.61998 0 0 0 0
15.04 0 1.62153 0 0 0 0
15.05 0 1.62309 0 0 0 0
15.06 0 1.62466 0 0 0 0
15.07 0 1.62624 0 0 0 0
15.08 0 1.62783 0 0 0 0
15.09 0 1.62943 0 0 0 0
15.1 0 1.63104 0 0 0 0
15.11 0 1.63266 0 0 0 0
15.12 0 1.63429 0 0 0 0
15.13 0 1.63593 0 0 0 0
15.14 0 1.63757 0 0 0 0
15.15 0 1.63923 0 0 0 0
15.16 0 1.64089 0 0 0 0
15.17 0 1.64257 0 0 0 0
15.18 0 1.64425 0 0 0 0
15.19 0 1.64595 0 0 0 0
15.2 0 1.64765 0 0 0 0
15.21 0 1.64937 0 0 0 0
15.22 0 1.65109 0 0 0 0
15.23 0 1.65282 0 0 0 0
15.24 0 1.65457 0 0 0 0
15.25 0 1.65632 0 0 0 0
15.26 0 1.65808 0 0 0 0
15.27 0 1.65985 0 0 0 0
15.28 0 1.66164 0 0 0 0
15.29 0 1.66343 0 0 0 0
15.3 0 1.66523 0 0 0 0
15.31 0 1.66704 0 0 0 0
15.32 0 1.66886 0 0 0 0
15.33 0 1.6707 0 0 0 0
15.34 0 1.67254 0 0 0 0
15.35 0 1.67439 0 0 0 0
15.36 0 1.67625 0 0 0 0
15.37 0 1.67812 0 0 0 0
15.38 0 1.68 0 0 0 0
15.39 0 1.6819 0 0 0 0
15.4 0 1.6838 0 0 0 0
15.41 0 1.68571 0 0 0 0
15.42 0 1.68763 0 0 0 0
15.43 0 1.68956 0 0 0 0
15.44 0 1.6915 0 0 0 0
15.45 0 1.69346 0 0 0 0
15.46 0 1.69542 0 0 0 0
15.47 0 1.69739 0 0 0 0
15.48 0 1.69937 0 0 0 0
15.49 0 1.70137 0 0 0 0
15.5 0 1.70337 0 0 0 0
15.51 0 1.70538 0 0 0 0
15.52 0 1.7074 0 0 0 0
15.53 0 1.70943 0 0 0 0
15.54 0 1.71148 0 0 0 0
15.55 0 1.71353 0 0 0 0
15.56 0 1.71559 0 0 0 0
15.57 0 1.71766 0 0 0 0
15.58 0 1.71975 0 0 0 0
15.59 0 1.72184 0 0 0 0
15.6 0 1.72394 0 0 0 0
15.61 0 1.72605 0 0 0 0
15.62 0 1.72817 0 0 0 0
15.63 0 1.7303 0 0 0 0
15.64 0 1.73244 0 0 0 0
15.65 0 1.73459 0 0 0 0
15.66 0 1.73675 0 0 0 0
15.67 0 1.73892 0 0 0 0
15.68 0 1.7411 0 0 0 0
15.69 0 1.74329 0 0 0 0
15.7 0 1.74549 0 0 0 0
15.71 0 1.74769 0 0 0 0
15.72 0 1.74991 0 0 0 0
15.73 0 1.75214 0 0 0 0
15.74 0 1.75437 0 0 0 0
15.75 0 1.75662 0 0 0 0
15.76 0 1.75887 0 0 0 0
15.77 0 1.76113 0 0 0 0
15.78 0 1.7634 0 0 0 0
15.79 0 1.76569 0 0 0 0
15.8 0 1.76798 0 0 0 0
15.81 0 1.77027 0 0 0 0
15.82 0 1.77258 0 0 0 0
15.83 0 1.7749 0 0 0 0
15.84 0 1.77723 0 0 0 0
15.85 0 1.77956 0 0 0 0
15.86 0 1.78191 0 0 0 0
15.87 0 1.78426 0 0 0 0
15.88 0 1.78662 0 0 0 0
15.89 0 1.789 0 0 0 0
15.9 0 1.79138 0 0 0 0
15.91 0 1.79377 0 0 0 0
15.92 0 1.79616 0 0 0 0
15.93 0 1.79857 0 0 0 0
15.94 0 1.80099 0 0 0 0
15.95 0 1.80341 0 0 0 0
15.96 0 1.80585 0 0 0 0
15.97 0 1.80829 0 0 0 0
15.98 0 1.81074 0 0 0 0
15.99 0 1.8132 0 0 0 0
16 0 1.81568 0 0 0 0
16.01 0 1.81815 0 0 0 0
16.02 0 1.82064 0 0 0 0
16.03 0 1.82314 0 0 0 0
16.04 0 1.82565 0 0 0 0
16.05 0 1.82816 0 0 0 0
16.06 0 1.83069 0 0 0 0
16.07 0 1.83322 0 0 0 0
16.08 0 1.83576 0 0 0 0
16.09 0 1.83831 0 0 0 0
16.1 0 1.84087 0 0 0 0
16.11 0 1.84344 0 0 0 0
16.12 0 1.84602 0 0 0 0
16.13 0 1.84861 0 0 0 0
16.14 0 1.8512 0 0 0 0
16.15 0 1.8538 0 0 0 0
16.16 0 1.85642 0 0 0 0
16.17 0 1.85904 0 0 0 0
16.18 0 1.86167 0 0 0 0
16.19 0 1.86431 0 0 0 0
16.2 0 1.86695 0 0 0 0
16.21 0 1.86961 0 0 0 0
16.22 0 1.87228 0 0 0 0
16.23 0 1.87495 0 0 0 0
16.24 0 1.87763 0 0 0 0
16.25 0 1.88032 0 0 0 0
16.26 0 1.88302 0 0 0 0
16.27 0 1.88573 0 0 0 0
16.28 0 1.88845 0 0 0 0
16.29 0 1.89117 0 0 0 0
16.3 0 1.89391 0 0 0 0
16.31 0 1.89665 0 0 0 0
16.32 0 1.8994 0 0 0 0
16.33 0 1.90216 0 0 0 0
16.34 0 1.90493 0 0 0 0
16.35 0 1.9077 0 0 0 0
16.36 0 1.91049 0 0 0 0
16.37 0 1.91328 0 0 0 0
16.38 0 1.91608 0 0 0 0
16.39 0 1.9189 0 0 0 0
16.4 0 1.92171 0 0 0 0
16.41 0 1.92454 0 0 0 0
16.42 0 1.92738 0 0 0 0
16.43 0 1.93022 0 0 0 0
16.44 0 1.93307 0 0 0 0
16.45 0 1.93594 0 0 0 0
16.46 0 1.9388 0 0 0 0
16.47 0 1.94168 0 0 0 0
16.48 0 1.94457 0 0 0 0
16.49 0 1.94746 0 0 0 0
16.5 0 1.95037 0 0 0 0
16.51 0 1.95328 0 0 0 0
16.52 0 1.9562 0 0 0 0
16.53 0 1.95912 0 0 0 0
16.54 0 1.96206 0 0 0 0
16.55 0 1.965 0 0 0 0
16.56 0 1.96795 0 0 0 0
16.57 0 1.97091 0 0 0 0
16.58 0 1.97388 0 0 0 0
16.59 0 1.97686 0 0 0 0
16.6 0 1.97984 0 0 0 0
16.61 0 1.98283 0 0 0 0
16.62 0 1.98583 0 0 0 0
16.63 0 1.98884 0 0 0 0
16.64 0 1.99185 0 0 0 0
16.65 0 1.99487 0 0 0 0
16.66 0 1.9979 0 0 0 0
16.67 0 2.00094 0 0 0 0
16.68 0 2.00399 0 0 0 0
16.69 0 2.00704 0 0 0 0
16.7 0 2.0101 0 0 0 0
16.71 0 2.01317 0 0 0 0
16.72 0 2.01624 0 0 0 0
16.73 0 2.01933 0 0 0 0
16.74 0 2.02242 0 0 0 0
16.75 0 2.02551 0 0 0 0
16.76 0 2.02862 0 0 0 0
16.77 0 2.03173 0 0 0 0
16.78 0 2.03485 0 0 0 0
16.79 0 2.03797 0 0 0 0
16.8 0 2.0411 0 0 0 0
16.81 0 2.04424 0 0 0 0
16.82 0 2.04739 0 0 0 0
16.83 0 2.05054 0 0 0 0
16.84 0 2.0537 0 0 0 0
16.85 0 2.05687 0 0 0 0
16.86 0 2.06004 0 0 0 0
16.87 0 2.06322 0 0 0 0
16.88 0 2.0664 0 0 0 0
16.89 0 2.06959 0 0 0 0
16.9 0 2.07279 0 0 0 0
16.91 0 2.07599 0 0 0 0
16.92 0 2.0792 0 0 0 0
16.93 0 2.08241 0 0 0 0
16.94 0 2.08563 0 0 0 0
16.95 0 2.08886 0 0 0 0
16.96 0 2.09209 0 0 0 0
16.97 0 2.09533 0 0 0 0
16.98 0 2.09857 0 0 0 0
16.99 0 2.10182 0 0 0 0
17 0 2.10507 0 0 0 0
17.01 0 2.10833 0 0 0 0
17.02 0 2.1116 0 0 0 0
17.03 0 2.11486 0 0 0 0
17.04 0 2.11814 0 0 0 0
17.05 0 2.12142 0 0 0 0
17.06 0 2.1247 0 0 0 0
17.07 0 2.12799 0 0 0 0
17.08 0 2.13128 0 0 0 0
17.09 0 2.13458 0 0 0 0
17.1 0 2.13789 0 0 0 0
17.11 0 2.14119 0 0 0 0
17.12 0 2.14451 0 0 0 0
17.13 0 2.14782 0 0 0 0
17.14 0 2.15114 0 0 0 0
17.15 0 2.15447 0 0 0 0
17.16 0 2.1578 0 0 0 0
17.17 0 2.16113 0 0 0 0
17.18 0 2.16447 0 0 0 0
17.19 0 2.16781 0 0 0 0
17.2 0 2.17115 0 0 0 0
17.21 0 2.1745 0 0 0 0
17.22 0 2.17785 0 0 0 0
17.23 0 2.18121 0 0 0 0
17.24 0 2.18457 0 0 0 0
17.25 0 2.18793 0 0 0 0
17.26 0 2.1913 0 0 0 0
17.27 0 2.19467 0 0 0 0
17.28 0 2.19804 0 0 0 0
17.29 0 2.20141 0 0 0 0
17.3 0 2.20479 0 0 0 0
17.31 0 2.20817 0 0 0 0
17.32 0 2.21155 0 0 0 0
17.33 0 2.21494 0 0 0 0
17.34 0 2.21833 0 0 0 0
17.35 0 2.22172 0 0 0 0
17.36 0 2.22511 0 0 0 0
17.37 0 2.2285 0 0 0 0
17.38 0 2.2319 0 0 0 0
17.39 0 2.2353 0 0 0 0
17.4 0 2.2387 0 0 0 0
17.41 0 2.2421 0 0 0 0
17.42 0 2.24551 0 0 0 0
17.43 0 2.24891 0 0 0 0
17.44 0 2.25232 0 0 0 0
17.45 0 2.25573 0 0 0 0
17.46 0 2.25914 0 0 0 0
17.47 0 2.26255 0 0 0 0
17.48 0 2.26597 0 0 0 0
17.49 0 2.26938 0 0 0 0
17.5 0 2.2728 0 0 0 0
17.51 0 2.27621 0 0 0 0
17.52 0 2.27963 0 0 0 0
17.53 0 2.28305 0 0 0 0
17.54 0 2.28647 0 0 0 0
17.55 0 2.28988 0 0 0 0
17.56 0 2.2933 0 0 0 0
17.57 0 2.29673 0 0 0 0
17.58 0 2.30015 0 0 0 0
17.59 0 2.30357 0 0 0 0
17.6 0 2.30699 0 0 0 0
17.61 0 2.31041 0 0 0 0
17.62 0 2.31384 0 0 0 0
17.63 0 2.31726 0 0 0 0
17.64 0 2.32068 0 0 0 0
17.65 0 2.3241 0 0 0 0
17.66 0 2.32753 0 0 0 0
17.67 0 2.33095 0 0 0 0
17.68 0 2.33437 0 0 0 0
17.69 0 2.33779 0 0 0 0
17.7 0 2.34121 0 0 0 0
17.71 0 2.34464 0 0 0 0
17.72 0 2.34806 0 0 0 0
17.73 0 2.35148 0 0 0 0
17.74 0 2.3549 0 0 0 0
17.75 0 2.35831 0 0 0 0
17.76 0 2.36173 0 0 0 0
17.77 0 2.36515 0 0 0 0
17.78 0 2.36856 0 0 0 0
17.79 0 2.37198 0 0 0 0
17.8 0 2.37539 0 0 0 0
17.81 0 2.3788 0 0 0 0
17.82 0 2.38221 0 0 0 0
17.83 0 2.38562 0 0 0 0
17.84 0 2.38903 0 0 0 0
17.85 0 2.39243 0 0 0 0
17.86 0 2.39584 0 0 0 0
17.87 0 2.39924 0 0 0 0
17.88 0 2.40264 0 0 0 0
17.89 0 2.40604 0 0 0 0
17.9 0 2.40943 0 0 0 0
17.91 0 2.41283 0 0 0 0
17.92 0 2.41622 0 0 0 0
17.93 0 2.41961 0 0 0 0
17.94 0 2.423 0 0 0 0
17.95 0 2.42638 0 0 0 0
17.96 0 2.42976 0 0 0 0
17.97 0 2.43315 0 0 0 0
17.98 0 2.43652 0 0 0 0
17.99 0 2.4399 0 0 0 0
18 0 2.44327 0 0 0 0
18.01 0 2.44664 0 0 0 0
18.02 0 2.45001 0 0 0 0
18.03 0 2.45338 0 0 0 0
18.04 0 2.45674 0 0 0 0
18.05 0 2.4601 0 0 0 0
18.06 0 2.46346 0 0 0 0
18.07 0 2.46681 0 0 0 0
18.08 0 2.47016 0 0 0 0
18.09 0 2.47351 0 0 0 0
18.1 0 2.47685 0 0 0 0
18.11 0 2.48019 0 0 0 0
18.12 0 2.48353 0 0 0 0
18.13 0 2.48687 0 0 0 0
18.14 0 2.4902 0 0 0 0
18.15 0 2.49352 0 0 0 0
18.16 0 2.49685 0 0 0 0
18.17 0 2.50017 0 0 0 0
18.18 0 2.50348 0 0 0 0
18.19 0 2.5068 0 0 0 0
18.2 0 2.51011 0 0 0 0
18.21 0 2.51341 0 0 0 0
18.22 0 2.51671 0 0 0 0
18.23 0 2.52001 0 0 0 0
18.24 0 2.5233 0 0 0 0
18.25 0 2.52659 0 0 0 0
18.26 0 2.52988 0 0 0 0
18.27 0 2.53316 0 0 0 0
18.28 0 2.53643 0 0 0 0
18.29 0 2.53971 0 0 0 0
18.3 0 2.54297 0 0 0 0
18.31 0 2.54624 0 0 0 0
18.32 0 2.5495 0 0 0 0
18.33 0 2.55275 0 0 0 0
18.34 0 2.556 0 0 0 0
18.35 0 2.55924 0 0 0 0
18.36 0 2.56248 0 0 0 0
18.37 0 2.56572 0 0 0 0
18.38 0 2.56895 0 0 0 0
18.39 0 2.57217 0 0 0 0
18.4 0 2.57539 0 0 0 0
18.41 0 2.57861 0 0 0 0
18.42 0 2.58181 0 0 0 0
18.43 0 2.58502 0 0 0 0
18.44 0 2.58822 0 0 0 0
18.45 0 2.59141 0 0 0 0
18.46 0 2.5946 0 0 0 0
18.47 0 2.59778 0 0 0 0
18.48 0 2.60096 0 0 0 0
18.49 0 2.60413 0 0 0 0
18.5 0 2.6073 0 0 0 0
18.51 0 2.61046 0 0 0 0
18.52 0 2.61361 0 0 0 0
18.53 0 2.61676 0 0 0 0
18.54 0 2.6199 0 0 0 0
18.55 0 2.62304 0 0 0 0
18.56 0 2.62617 0 0 0 0
18.57 0 2.6293 0 0 0 0
18.58 0 2.63241 0 0 0 0
18.59 0 2.63553 0 0 0 0
18.6 0 2.63863 0 0 0 0
18.61 0 2.64173 0 0 0 0
18.62 0 2.64483 0 0 0 0
18.63 0 2.64791 0 0 0 0
18.64 0 2.65099 0 0 0 0
18.65 0 2.65407 0 0 0 0
18.66 0 2.65714 0 0 0 0
18.67 0 2.6602 0 0 0 0
18.68 0 2.66325 0 0 0 0
18.69 0 2.6663 0 0 0 0
18.7 0 2.66934 0 0 0 0
18.71 0 2.67238 0 0 0 0
18.72 0 2.67541 0 0 0 0
18.73 0 2.67843 0 0 0 0
18.74 0 2.68144 0 0 0 0
18.75 0 2.68445 0 0 0 0
18.76 0 2.68745 0 0 0 0
18.77 0 2.69045 0 0 0 0
18.78 0 2.69343 0 0 0 0
18.79 0 2.69641 0 0 0 0
18.8 0 2.69939 0 0 0 0
18.81 0 2.70235 0 0 0 0
18.82 0 2.70531 0 0 0 0
18.83 0 2.70827 0 0 0 0
18.84 0 2.71121 0 0 0 0
18.85 0 2.71415 0 0 0 0
18.86 0 2.71708 0 0 0 0
18.87 0 2.72 0 0 0 0
18.88 0 2.72292 0 0 0 0
18.89 0 2.72583 0 0 0 0
18.9 0 2.72873 0 0 0 0
18.91 0 2.73162 0 0 0 0
18.92 0 2.73451 0 0 0 0
18.93 0 2.73739 0 0 0 0
18.94 0 2.74026 0 0 0 0
18.95 0 2.74312 0 0 0 0
18.96 0 2.74598 0 0 0 0
18.97 0 2.74882 0 0 0 0
18.98 0 2.75166 0 0 0 0
18.99 0 2.7545 0 0 0 0
19 0 2.75732 0 0 0 0
19.01 0 2.76014 0 0 0 0
19.02 0 2.76294 0 0 0 0
19.03 0 2.76574 0 0 0 0
19.04 0 2.76854 0 0 0 0
19.05 0 2.77132 0 0 0 0
19.06 0 2.7741 0 0 0 0
19.07 0 2.77687 0 0 0 0
19.08 0 2.77963 0 0 0 0
19.09 0 2.78238 0 0 0 0
19.1 0 2.78512 0 0 0 0
19.11 0 2.78786 0 0 0 0
19.12 0 2.79059 0 0 0 0
19.13 0 2.79331 0 0 0 0
19.14 0 2.79602 0 0 0 0
19.15 0 2.79872 0 0 0 0
19.16 0 2.80142 0 0 0 0
19.17 0 2.80411 0 0 0 0
19.18 0 2.80679 0 0 0 0
19.19 0 2.80946 0 0 0 0
19.2 0 2.81212 0 0 0 0
19.21 0 2.81478 0 0 0 0
19.22 0 2.81742 0 0 0 0
19.23 0 2.82006 0 0 0 0
19.24 0 2.8227 0 0 0 0
19.25 0 2.82532 0 0 0 0
19.26 0 2.82793 0 0 0 0
19.27 0 2.83054 0 0 0 0
19.28 0 2.83314 0 0 0 0
19.29 0 2.83573 0 0 0 0
19.3 0 2.83832 0 0 0 0
19.31 0 2.84089 0 0 0 0
19.32 0 2.84346 0 0 0 0
19.33 0 2.84602 0 0 0 0
19.34 0 2.84857 0 0 0 0
19.35 0 2.85111 0 0 0 0
19.36 0 2.85365 0 0 0 0
19.37 0 2.85617 0 0 0 0
19.38 0 2.85869 0 0 0 0
19.39 0 2.8612 0 0 0 0
19.4 0 2.8637 0 0 0 0
19.41 0 2.8662 0 0 0 0
19.42 0 2.86868 0 0 0 0
19.43 0 2.87116 0 0 0 0
19.44 0 2.87363 0 0 0 0
19.45 0 2.87609 0 0 0 0
19.46 0 2.87855 0 0 0 0
19.47 0 2.88099 0 0 0 0
19.48 0 2.88343 0 0 0 0
19.49 0 2.88585 0 0 0 0
19.5 0 2.88827 0 0 0 0
19.51 0 2.89069 0 0 0 0
19.52 0 2.89309 0 0 0 0
19.53 0 2.89549 0 0 0 0
19.54 0 2.89787 0 0 0 0
19.55 0 2.90025 0 0 0 0
19.56 0 2.90262 0 0 0 0
19.57 0 2.90498 0 0 0 0
19.58 0 2.90734 0 0 0 0
19.59 0 2.90968 0 0 0 0
19.6 0 2.91202 0 0 0 0
19.61 0 2.91435 0 0 0 0
19.62 0 2.91668 0 0 0 0
19.63 0 2.91899 0 0 0 0
19.64 0 2.9213 0 0 0 0
19.65 0 2.9236 0 0 0 0
19.66 0 2.92589 0 0 0 0
19.67 0 2.92817 0 0 0 0
19.68 0 2.93045 0 0 0 0
19.69 0 2.93272 0 0 0 0
19.7 0 2.93498 0 0 0 0
19.71 0 2.93723 0 0 0 0
19.72 0 2.93947 0 0 0 0
19.73 0 2.94171 0 0 0 0
19.74 0 2.94394 0 0 0 0
19.75 0 2.94616 0 0 0 0
19.76 0 2.94838 0 0 0 0
19.77 0 2.95059 0 0 0 0
19.78 0 2.95279 0 0 0 0
19.79 0 2.95498 0 0 0 0
19.8 0 2.95716 0 0 0 0
19.81 0 2.95934 0 0 0 0
19.82 0 2.96151 0 0 0 0
19.83 0 2.96367 0 0 0 0
19.84 0 2.96583 0 0 0 0
19.85 0 2.96797 0 0 0 0
19.86 0 2.97011 0 0 0 0
19.87 0 2.97225 0 0 0 0
19.88 0 2.97437 0 0 0 0
19.89 0 2.97649 0 0 0 0
19.9 0 2.9786 0 0 0 0
19.91 0 2.9807 0 0 0 0
19.92 0 2.9828 0 0 0 0
19.93 0 2.98489 0 0 0 0
19.94 0 2.98697 0 0 0 0
19.95 0 2.98905 0 0 0 0
19.96 0 2.99111 0 0 0 0
19.97 0 2.99317 0 0 0 0
19.98 0 2.99523 0 0 0 0
19.99 0 2.99727 0 0 0 0
20 0 2.99931 0 0 0 0
20.01 0 3.00135 0 0 0 0
20.02 0 3.00337 0 0 0 0
20.03 0 3.00539 0 0 0 0
20.04 0 3.0074 0 0 0 0
20.05 0 3.00941 0 0 0 0
20.06 0 3.01141 0 0 0 0
20.07 0 3.0134 0 0 0 0
20.08 0 3.01539 0 0 0 0
20.09 0 3.01736 0 0 0 0
20.1 0 3.01934 0 0 0 0
20.11 0 3.0213 0 0 0 0
20.12 0 3.02327 0 0 0 0
20.13 0 3.02522 0 0 0 0
20.14 0 3.02717 0 0 0 0
20.15 0 3.02911 0 0 0 0
20.16 0 3.03105 0 0 0 0
20.17 0 3.03298 0 0 0 0
20.18 0 3.0349 0 0 0 0
20.19 0 3.03682 0 0 0 0
20.2 0 3.03873 0 0 0 0
20.21 0 3.04064 0 0 0 0
20.22 0 3.04254 0 0 0 0
20.23 0 3.04444 0 0 0 0
20.24 0 3.04633 0 0 0 0
20.25 0 3.04821 0 0 0 0
20.26 0 3.05009 0 0 0 0
20.27 0 3.05197 0 0 0 0
20.28 0 3.05383 0 0 0 0
20.29 0 3.0557 0 0 0 0
20.3 0 3.05756 0 0 0 0
20.31 0 3.05941 0 0 0 0
20.32 0 3.06126 0 0 0 0
20.33 0 3.0631 0 0 0 0
20.34 0 3.06494 0 0 0 0
20.35 0 3.06677 0 0 0 0
20.36 0 3.06859 0 0 0 0
20.37 0 3.07042 0 0 0 0
20.38 0 3.07223 0 0 0 0
20.39 0 3.07405 0 0 0 0
20.4 0 3.07585 0 0 0 0
20.41 0 3.07766 0 0 0 0
20.42 0 3.07946 0 0 0 0
20.43 0 3.08125 0 0 0 0
20.44 0 3.08304 0 0 0 0
20.45 0 3.08482 0 0 0 0
20.46 0 3.0866 0 0 0 0
20.47 0 3.08838 0 0 0 0
20.48 0 3.09015 0 0 0 0
20.49 0 3.09192 0 0 0 0
20.5 0 3.09368 0 0 0 0
20.51 0 3.09544 0 0 0 0
20.52 0 3.0972 0 0 0 0
20.53 0 3.09895 0 0 0 0
20.54 0 3.10069 0 0 0 0
20.55 0 3.10244 0 0 0 0
20.56 0 3.10418 0 0 0 0
20.57 0 3.10591 0 0 0 0
20.58 0 3.10765 0 0 0 0
20.59 0 3.10938 0 0 0 0
20.6 0 3.1111 0 0 0 0
20.61 0 3.11282 0 0 0 0
20.62 0 3.11454 0 0 0 0
20.63 0 3.11626 0 0 0 0
20.64 0 3.11797 0 0 0 0
20.65 0 3.11968 0 0 0 0
20.66 0 3.12139 0 0 0 0
20.67 0 3.12309 0 0 0 0
20.68 0 3.12479 0 0 0 0
20.69 0 3.12649 0 0 0 0
20.7 0 3.12819 0 0 0 0
20.71 0 3.12988 0 0 0 0
20.72 0 3.13157 0 0 0 0
20.73 0 3.13326 0 0 0 0
20.74 0 3.13495 0 0 0 0
20.75 0 3.13663 0 0 0 0
20.76 0 3.13831 0 0 0 0
20.77 0 3.13999 0 0 0 0
20.78 0 3.14167 0 0 0 0
20.79 0 3.14334 0 0 0 0
20.8 0 3.14501 0 0 0 0
20.81 0 3.14668 0 0 0 0
20.82 0 3.14835 0 0 0 0
20.83 0 3.15002 0 0 0 0
20.84 0 3.15168 0 0 0 0
20.85 0 3.15335 0 0 0 0
20.86 0 3.15501 0 0 0 0
20.87 0 3.15667 0 0 0 0
20.88 0 3.15833 0 0 0 0
20.89 0 3.15999 0 0 0 0
20.9 0 3.16164 0 0 0 0
20.91 0 3.1633 0 0 0 0
20.92 0 3.16495 0 0 0 0
20.93 0 3.16661 0 0 0 0
20.94 0 3.16826 0 0 0 0
20.95 0 3.16991 0 0 0 0
20.96 0 3.17156 0 0 0 0
20.97 0 3.17321 0 0 0 0
20.98 0 3.17486 0 0 0 0
20.99 0 3.1765 0 0 0 0
21 0 3.17815 0 0 0 0
21.01 0 3.1798 0 0 0 0
21.02 0 3.18144 0 0 0 0
21.03 0 3.18309 0 0 0 0
21.04 0 3.18473 0 0 0 0
21.05 0 3.18638 0 0 0 0
21.06 0 3.18802 0 0 0 0
21.07 0 3.18967 0 0 0 0
21.08 0 3.19131 0 0 0 0
21.09 0 3.19296 0 0 0 0
21.1 0 3.1946 0 0 0 0
21.11 0 3.19625 0 0 0 0
21.12 0 3.19789 0 0 0 0
21.13 0 3.19954 0 0 0 0
21.14 0 3.20118 0 0 0 0
21.15 0 3.20283 0 0 0 0
21.16 0 3.20447 0 0 0 0
21.17 0 3.20612 0 0 0 0
21.18 0 3.20777 0 0 0 0
21.19 0 3.20941 0 0 0 0
21.2 0 3.21106 0 0 0 0
21.21 0 3.21271 0 0 0 0
21.22 0 3.21436 0 0 0 0
21.23 0 3.21601 0 0 0 0
21.24 0 3.21766 0 0 0 0
21.25 0 3.21931 0 0 0 0
21.26 0 3.22096 0 0 0 0
21.27 0 3.22262 0 0 0 0
21.28 0 3.22427 0 0 0 0
21.29 0 3.22593 0 0 0 0
21.3 0 3.22759 0 0 0 0
21.31 0 3.22925 0 0 0 0
21.32 0 3.23091 0 0 0 0
21.33 0 3.23257 0 0 0 0
21.34 0 3.23423 0 0 0 0
21.35 0 3.2359 0 0 0 0
21.36 0 3.23756 0 0 0 0
21.37 0 3.23923 0 0 0 0
21.38 0 3.2409 0 0 0 0
21.39 0 3.24257 0 0 0 0
21.4 0 3.24425 0 0 0 0
21.41 0 3.24593 0 0 0 0
21.42 0 3.2476 0 0 0 0
21.43 0 3.24928 0 0 0 0
21.44 0 3.25097 0 0 0 0
21.45 0 3.25265 0 0 0 0
21.46 0 3.25434 0 0 0 0
21.47 0 3.25603 0 0 0 0
21.48 0 3.25772 0 0 0 0
21.49 0 3.25942 0 0 0 0
21.5 0 3.26112 0 0 0 0
21.51 0 3.26282 0 0 0 0
21.52 0 3.26452 0 0 0 0
21.53 0 3.26623 0 0 0 0
21.54 0 3.26794 0 0 0 0
21.55 0 3.26965 0 0 0 0
21.56 0 3.27137 0 0 0 0
21.57 0 3.27308 0 0 0 0
21.58 0 3.27481 0 0 0 0
21.59 0 3.27653 0 0 0 0
21.6 0 3.27826 0 0 0 0
21.61 0 3.27999 0 0 0 0
21.62 0 3.28173 0 0 0 0
21.63 0 3.28346 0 0 0 0
21.64 0 3.28521 0 0 0 0
21.65 0 3.28695 0 0 0 0
21.66 0 3.2887 0 0 0 0
21.67 0 3.29046 0 0 0 0
21.68 0 3.29221 0 0 0 0
21.69 0 3.29397 0 0 0 0
21.7 0 3.29574 0 0 0 0
21.71 0 3.29751 0 0 0 0
21.72 0 3.29928 0 0 0 0
21.73 0 3.30106 0 0 0 0
21.74 0 3.30284 0 0 0 0
21.75 0 3.30462 0 0 0 0
21.76 0 3.30641 0 0 0 0
21.77 0 3.30821 0 0 0 0
21.78 0 3.31001 0 0 0 0
21.79 0 3.31181 0 0 0 0
21.8 0 3.31362 0 0 0 0
21.81 0 3.31543 0 0 0 0
21.82 0 3.31724 0 0 0 0
21.83 0 3.31907 0 0 0 0
21.84 0 3.32089 0 0 0 0
21.85 0 3.32272 0 0 0 0
21.86 0 3.32456 0 0 0 0
21.87 0 3.3264 0 0 0 0
21.88 0 3.32824 0 0 0 0
21.89 0 3.33009 0 0 0 0
21.9 0 3.33195 0 0 0 0
21.91 0 3.33381 0 0 0 0
21.92 0 3.33567 0 0 0 0
21.93 0 3.33754 0 0 0 0
21.94 0 3.33942 0 0 0 0
21.95 0 3.3413 0 0 0 0
21.96 0 3.34319 0 0 0 0
21.97 0 3.34508 0 0 0 0
21.98 0 3.34698 0 0 0 0
21.99 0 3.34888 0 0 0 0
22 0 3.35079 0 0 0 0
22.01 0 3.3527 0 0 0 0
22.02 0 3.35462 0 0 0 0
22.03 0 3.35654 0 0 0 0
22.04 0 3.35847 0 0 0 0
22.05 0 3.36041 0 0 0 0
22.06 0 3.36235 0 0 0 0
22.07 0 3.3643 0 0 0 0
22.08 0 3.36626 0 0 0 0
22.09 0 3.36822 0 0 0 0
22.1 0 3.37018 0 0 0 0
22.11 0 3.37216 0 0 0 0
22.12 0 3.37413 0 0 0 0
22.13 0 3.37612 0 0 0 0
22.14 0 3.37811 0 0 0 0
22.15 0 3.38011 0 0 0 0
22.16 0 3.38211 0 0 0 0
22.17 0 3.38412 0 0 0 0
22.18 0 3.38613 0 0 0 0
22.19 0 3.38815 0 0 0 0
22.2 0 3.39018 0 0 0 0
22.21 0 3.39222 0 0 0 0
22.22 0 3.39426 0 0 0 0
22.23 0 3.3963 0 0 0 0
22.24 0 3.39836 0 0 0 0
22.25 0 3.40042 0 0 0 0
22.26 0 3.40248 0 0 0 0
22.27 0 3.40456 0 0 0 0
22.28 0 3.40664 0 0 0 0
22.29 0 3.40872 0 0 0 0
22.3 0 3.41081 0 0 0 0
22.31 0 3.41291 0 0 0 0
22.32 0 3.41502 0 0 0 0
22.33 0 3.41713 0 0 0 0
22.34 0 3.41925 0 0 0 0
22.35 0 3.42138 0 0 0 0
22.36 0 3.42351 0 0 0 0
22.37 0 3.42565 0 0 0 0
22.38 0 3.42779 0 0 0 0
22.39 0 3.42994 0 0 0 0
22.4 0 3.4321 0 0 0 0
22.41 0 3.43427 0 0 0 0
22.42 0 3.43644 0 0 0 0
22.43 0 3.43862 0 0 0 0
22.44 0 3.44081 0 0 0 0
22.45 0 3.443 0 0 0 0
22.46 0 3.4452 0 0 0 0
22.47 0 3.44741 0 0 0 0
22.48 0 3.44963 0 0 0 0
22.49 0 3.45185 0 0 0 0
22.5 0 3.45408 0 0 0 0
22.51 0 3.45632 0 0 0 0
22.52 0 3.45856 0 0 0 0
22.53 0 3.46081 0 0 0 0
22.54 0 3.46307 0 0 0 0
22.55 0 3.46533 0 0 0 0
22.56 0 3.46761 0 0 0 0
22.57 0 3.46988 0 0 0 0
22.58 0 3.47217 0 0 0 0
22.59 0 3.47447 0 0 0 0
22.6 0 3.47677 0 0 0 0
22.61 0 3.47907 0 0 0 0
22.62 0 3.48139 0 0 0 0
22.63 0 3.48371 0 0 0 0
22.64 0 3.48604 0 0 0 0
22.65 0 3.48838 0 0 0 0
22.66 0 3.49072 0 0 0 0
22.67 0 3.49307 0 0 0 0
22.68 0 3.49543 0 0 0 0
22.69 0 3.4978 0 0 0 0
22.7 0 3.50017 0 0 0 0
22.71 0 3.50255 0 0 0 0
22.72 0 3.50493 0 0 0 0
22.73 0 3.50733 0 0 0 0
22.74 0 3.50973 0 0 0 0
22.75 0 3.51214 0 0 0 0
22.76 0 3.51455 0 0 0 0
22.77 0 3.51697 0 0 0 0
22.78 0 3.5194 0 0 0 0
22.79 0 3.52184 0 0 0 0
22.8 0 3.52428 0 0 0 0
22.81 0 3.52673 0 0 0 0
22.82 0 3.52918 0 0 0 0
22.83 0 3.53165 0 0 0 0
22.84 0 3.53412 0 0 0 0
22.85 0 3.53659 0 0 0 0
22.86 0 3.53908 0 0 0 0
22.87 0 3.54157 0 0 0 0
22.88 0 3.54407 0 0 0 0
22.89 0 3.54657 0 0 0 0
22.9 0 3.54908 0 0 0 0
22.91 0 3.5516 0 0 0 0
22.92 0 3.55413 0 0 0 0
22.93 0 3.55666 0 0 0 0
22.94 0 3.5592 0 0 0 0
22.95 0 3.56175 0 0 0 0
22.96 0 3.5643 0 0 0 0
22.97 0 3.56686 0 0 0 0
22.98 0 3.56943 0 0 0 0
22.99 0 3.572 0 0 0 0
23 0 3.57458 0 0 0 0
23.01 0 3.57717 0 0 0 0
23.02 0 3.57977 0 0 0 0
23.03 0 3.58237 0 0 0 0
23.04 0 3.58498 0 0 0 0
23.05 0 3.58759 0 0 0 0
23.06 0 3.59022 0 0 0 0
23.07 0 3.59285 0 0 0 0
23.08 0 3.59548 0 0 0 0
23.09 0 3.59812 0 0 0 0
23.1 0 3.60077 0 0 0 0
23.11 0 3.60343 0 0 0 0
23.12 0 3.60609 0 0 0 0
23.13 0 3.60876 0 0 0 0
23.14 0 3.61144 0 0 0 0
23.15 0 3.61412 0 0 0 0
23.16 0 3.61681 0 0 0 0
23.17 0 3.61951 0 0 0 0
23.18 0 3.62221 0 0 0 0
23.19 0 3.62492 0 0 0 0
23.2 0 3.62763 0 0 0 0
23.21 0 3.63035 0 0 0 0
23.22 0 3.63308 0 0 0 0
23.23 0 3.63581 0 0 0 0
23.24 0 3.63855 0 0 0 0
23.25 0 3.6413 0 0 0 0
23.26 0 3.64405 0 0 0 0
23.27 0 3.64681 0 0 0 0
23.28 0 3.64957 0 0 0 0
23.29 0 3.65234 0 0 0 0
23.3 0 3.65512 0 0 0 0
23.31 0 3.6579 0 0 0 0
23.32 0 3.66069 0 0 0 0
23.33 0 3.66349 0 0 0 0
23.34 0 3.66629 0 0 0 0
23.35 0 3.66909 0 0 0 0
23.36 0 3.67191 0 0 0 0
23.37 0 3.67472 0 0 0 0
23.38 0 3.67755 0 0 0 0
23.39 0 3.68038 0 0 0 0
23.4 0 3.68321 0 0 0 0
23.41 0 3.68606 0 0 0 0
23.42 0 3.6889 0 0 0 0
23.43 0 3.69176 0 0 0 0
23.44 0 3.69461 0 0 0 0
23.45 0 3.69748 0 0 0 0
23.46 0 3.70035 0 0 0 0
23.47 0 3.70323 0 0 0 0
23.48 0 3.70611 0 0 0 0
23.49 0 3.70899 0 0 0 0
23.5 0 3.71189 0 0 0 0
23.51 0 3.71478 0 0 0 0
23.52 0 3.71769 0 0 0 0
23.53 0 3.7206 0 0 0 0
23.54 0 3.72351 0 0 0 0
23.55 0 3.72643 0 0 0 0
23.56 0 3.72935 0 0 0 0
23.57 0 3.73228 0 0 0 0
23.58 0 3.73522 0 0 0 0
23.59 0 3.73816 0 0 0 0
23.6 0 3.7411 0 0 0 0
23.61 0 3.74405 0 0 0 0
23.62 0 3.74701 0 0 0 0
23.63 0 3.74997 0 0 0 0
23.64 0 3.75293 0 0 0 0
23.65 0 3.7559 0 0 0 0
23.66 0 3.75888 0 0 0 0
23.67 0 3.76185 0 0 0 0
23.68 0 3.76484 0 0 0 0
23.69 0 3.76782 0 0 0 0
23.7 0 3.77082 0 0 0 0
23.71 0 3.77381 0 0 0 0
23.72 0 3.77681 0 0 0 0
23.73 0 3.77982 0 0 0 0
23.74 0 3.78283 0 0 0 0
23.75 0 3.78584 0 0 0 0
23.76 0 3.78886 0 0 0 0
23.77 0 3.79188 0 0 0 0
23.78 0 3.79491 0 0 0 0
23.79 0 3.79794 0 0 0 0
23.8 0 3.80097 0 0 0 0
23.81 0 3.80401 0 0 0 0
23.82 0 3.80705 0 0 0 0
23.83 0 3.8101 0 0 0 0
23.84 0 3.81315 0 0 0 0
23.85 0 3.8162 0 0 0 0
23.86 0 3.81926 0 0 0 0
23.87 0 3.82232 0 0 0 0
23.88 0 3.82539 0 0 0 0
23.89 0 3.82845 0 0 0 0
23.9 0 3.83153 0 0 0 0
23.91 0 3.8346 0 0 0 0
23.92 0 3.83768 0 0 0 0
23.93 0 3.84076 0 0 0 0
23.94 0 3.84385 0 0 0 0
23.95 0 3.84694 0 0 0 0
23.96 0 3.85003 0 0 0 0
23.97 0 3.85313 0 0 0 0
23.98 0 3.85623 0 0 0 0
23.99 0 3.85933 0 0 0 0
24 0 3.86243 0 0 0 0
24.01 0 3.86554 0 0 0 0
24.02 0 3.86865 0 0 0 0
24.03 0 3.87177 0 0 0 0
24.04 0 3.87488 0 0 0 0
24.05 0 3.878 0 0 0 0
24.06 0 3.88113 0 0 0 0
24.07 0 3.88425 0 0 0 0
24.08 0 3.88738 0 0 0 0
24.09 0 3.89051 0 0 0 0
24.1 0 3.89364 0 0 0 0
24.11 0 3.89678 0 0 0 0
24.12 0 3.89991 0 0 0 0
24.13 0 3.90305 0 0 0 0
24.14 0 3.9062 0 0 0 0
24.15 0 3.90934 0 0 0 0
24.16 0 3.91249 0 0 0 0
24.17 0 3.91564 0 0 0 0
24.18 0 3.91879 0 0 0 0
24.19 0 3.92194 0 0 0 0
24.2 0 3.92509 0 0 0 0
24.21 0 3.92825 0 0 0 0
24.22 0 3.93141 0 0 0 0
24.23 0 3.93457 0 0 0 0
24.24 0 3.93773 0 0 0 0
24.25 0 3.9409 0 0 0 0
24.26 0 3.94406 0 0 0 0
24.27 0 3.94723 0 0 0 0
24.28 0 3.9504 0 0 0 0
24.29 0 3.95357 0 0 0 0
24.3 0 3.95674 0 0 0 0
24.31 0 3.95992 0 0 0 0
24.32 0 3.96309 0 0 0 0
24.33 0 3.96627 0 0 0 0
24.34 0 3.96945 0 0 0 0
24.35 0 3.97263 0 0 0 0
24.36 0 3.97581 0 0 0 0
24.37 0 3.97899 0 0 0 0
24.38 0 3.98217 0 0 0 0
24.39 0 3.98535 0 0 0 0
24.4 0 3.98854 0 0 0 0
24.41 0 3.99172 0 0 0 0
24.42 0 3.99491 0 0 0 0
24.43 0 3.9981 0 0 0 0
24.44 0 4.00128 0 0 0 0
24.45 0 4.00447 0 0 0 0
24.46 0 4.00766 0 0 0 0
24.47 0 4.01085 0 0 0 0
24.48 0 4.01404 0 0 0 0
24.49 0 4.01723 0 0 0 0
24.5 0 4.02042 0 0 0 0
24.51 0 4.02362 0 0 0 0
24.52 0 4.02681 0 0 0 0
24.53 0 4.03 0 0 0 0
24.54 0 4.03319 0 0 0 0
24.55 0 4.03639 0 0 0 0
24.56 0 4.03958 0 0 0 0
24.57 0 4.04277 0 0 0 0
24.58 0 4.04597 0 0 0 0
24.59 0 4.04916 0 0 0 0
24.6 0 4.05235 0 0 0 0
24.61 0 4.05555 0 0 0 0
24.62 0 4.05874 0 0 0 0
24.63 0 4.06193 0 0 0 0
24.64 0 4.06512 0 0 0 0
24.65 0 4.06832 0 0 0 0
24.66 0 4.07151 0 0 0 0
24.67 0 4.0747 0 0 0 0
24.68 0 4.0779 0 0 0 0
24.69 0 4.08109 0 0 0 0
24.7 0 4.08428 0 0 0 0
24.71 0 4.08747 0 0 0 0
24.72 0 4.09066 0 0 0 0
24.73 0 4.09385 0 0 0 0
24.74 0 4.09704 0 0 0 0
24.75 0 4.10023 0 0 0 0
24.76 0 4.10342 0 0 0 0
24.77 0 4.10661 0 0 0 0
24.78 0 4.10979 0 0 0 0
24.79 0 4.11298 0 0 0 0
24.8 0 4.11617 0 0 0 0
24.81 0 4.11935 0 0 0 0
24.82 0 4.12253 0 0 0 0
24.83 0 4.12572 0 0 0 0
24.84 0 4.1289 0 0 0 0
24.85 0 4.13208 0 0 0 0
24.86 0 4.13526 0 0 0 0
24.87 0 4.13844 0 0 0 0
24.88 0 4.14161 0 0 0 0
24.89 0 4.14479 0 0 0 0
24.9 0 4.14797 0 0 0 0
24.91 0 4.15114 0 0 0 0
24.92 0 4.15431 0 0 0 0
24.93 0 4.15748 0 0 0 0
24.94 0 4.16065 0 0 0 0
24.95 0 4.16382 0 0 0 0
24.96 0 4.16698 0 0 0 0
24.97 0 4.17015 0 0 0 0
24.98 0 4.17331 0 0 0 0
24.99 0 4.17647 0 0 0 0
25 0 4.17963 0 0 0 0
25.01 0 4.18279 0 0 0 0
25.02 0 4.18595 0 0 0 0
25.03 0 4.1891 0 0 0 0
25.04 0 4.19225 0 0 0 0
25.05 0 4.1954 0 0 0 0
25.06 0 4.19855 0 0 0 0
25.07 0 4.2017 0 0 0 0
25.08 0 4.20484 0 0 0 0
25.09 0 4.20798 0 0 0 0
25.1 0 4.21112 0 0 0 0
25.11 0 4.21426 0 0 0 0
25.12 0 4.2174 0 0 0 0
25.13 0 4.22053 0 0 0 0
25.14 0 4.22366 0 0 0 0
25.15 0 4.22679 0 0 0 0
25.16 0 4.22992 0 0 0 0
25.17 0 4.23304 0 0 0 0
25.18 0 4.23616 0 0 0 0
25.19 0 4.23928 0 0 0 0
25.2 0 4.2424 0 0 0 0
25.21 0 4.24552 0 0 0 0
25.22 0 4.24863 0 0 0 0
25.23 0 4.25174 0 0 0 0
25.24 0 4.25485 0 0 0 0
25.25 0 4.25795 0 0 0 0
25.26 0 4.26105 0 0 0 0
25.27 0 4.26415 0 0 0 0
25.28 0 4.26725 0 0 0 0
25.29 0 4.27034 0 0 0 0
25.3 0 4.27343 0 0 0 0
25.31 0 4.27652 0 0 0 0
25.32 0 4.27961 0 0 0 0
25.33 0 4.28269 0 0 0 0
25.34 0 4.28577 0 0 0 0
25.35 0 4.28885 0 0 0 0
25.36 0 4.29192 0 0 0 0
25.37 0 4.29499 0 0 0 0
25.38 0 4.29806 0 0 0 0
25.39 0 4.30112 0 0 0 0
25.4 0 4.30418 0 0 0 0
25.41 0 4.30724 0 0 0 0
25.42 0 4.3103 0 0 0 0
25.43 0 4.31335 0 0 0 0
25.44 0 4.31639 0 0 0 0
25.45 0 4.31944 0 0 0 0
25.46 0 4.32248 0 0 0 0
25.47 0 4.32552 0 0 0 0
25.48 0 4.32855 0 0 0 0
25.49 0 4.33158 0 0 0 0
25.5 0 4.3346 0 0 0 0
25.51 0 4.33763 0 0 0 0
25.52 0 4.34065 0 0 0 0
25.53 0 4.34366 0 0 0 0
25.54 0 4.34667 0 0 0 0
25.55 0 4.34968 0 0 0 0
25.56 0 4.35268 0 0 0 0
25.57 0 4.35568 0 0 0 0
25.58 0 4.35868 0 0 0 0
25.59 0 4.36167 0 0 0 0
25.6 0 4.36466 0 0 0 0
25.61 0 4.36764 0 0 0 0
25.62 0 4.37062 0 0 0 0
25.63 0 4.3736 0 0 0 0
25.64 0 4.37657 0 0 0 0
25.65 0 4.37953 0 0 0 0
25.66 0 4.3825 0 0 0 0
25.67 0 4.38546 0 0 0 0
25.68 0 4.38841 0 0 0 0
25.69 0 4.39136 0 0 0 0
25.7 0 4.39431 0 0 0 0
25.71 0 4.39725 0 0 0 0
25.72 0 4.40019 0 0 0 0
25.73 0 4.40312 0 0 0 0
25.74 0 4.40605 0 0 0 0
25.75 0 4.40898 0 0 0 0
25.76 0 4.4119 0 0 0 0
25.77 0 4.41482 0 0 0 0
25.78 0 4.41773 0 0 0 0
25.79 0 4.42063 0 0 0 0
25.8 0 4.42354 0 0 0 0
25.81 0 4.42644 0 0 0 0
25.82 0 4.42933 0 0 0 0
25.83 0 4.43222 0 0 0 0
25.84 0 4.43511 0 0 0 0
25.85 0 4.43799 0 0 0 0
25.86 0 4.44086 0 0 0 0
25.87 0 4.44374 0 0 0 0
25.88 0 4.4466 0 0 0 0
25.89 0 4.44947 0 0 0 0
25.9 0 4.45233 0 0 0 0
25.91 0 4.45518 0 0 0 0
25.92 0 4.45803 0 0 0 0
25.93 0 4.46087 0 0 0 0
25.94 0 4.46371 0 0 0 0
25.95 0 4.46655 0 0 0 0
25.96 0 4.46938 0 0 0 0
25.97 0 4.4722 0 0 0 0
25.98 0 4.47502 0 0 0 0
25.99 0 4.47784 0 0 0 0
26 0 4.48065 0 0 0 0
26.01 0 4.48345 0 0 0 0
26.02 0 4.48626 0 0 0 0
26.03 0 4.48905 0 0 0 0
26.04 0 4.49184 0 0 0 0
26.05 0 4.49463 0 0 0 0
26.06 0 4.49741 0 0 0 0
26.07 0 4.50019 0 0 0 0
26.08 0 4.50296 0 0 0 0
26.09 0 4.50572 0 0 0 0
26.1 0 4.50848 0 0 0 0
26.11 0 4.51124 0 0 0 0
26.12 0 4.51399 0 0 0 0
26.13 0 4.51674 0 0 0 0
26.14 0 4.51948 0 0 0 0
26.15 0 4.52221 0 0 0 0
26.16 0 4.52494 0 0 0 0
26.17 0 4.52767 0 0 0 0
26.18 0 4.53039 0 0 0 0
26.19 0 4.5331 0 0 0 0
26.2 0 4.53581 0 0 0 0
26.21 0 4.53852 0 0 0 0
26.22 0 4.54121 0 0 0 0
26.23 0 4.54391 0 0 0 0
26.24 0 4.5466 0 0 0 0
26.25 0 4.54928 0 0 0 0
26.26 0 4.55196 0 0 0 0
26.27 0 4.55463 0 0 0 0
26.28 0 4.5573 0 0 0 0
26.29 0 4.55996 0 0 0 0
26.3 0 4.56262 0 0 0 0
26.31 0 4.56527 0 0 0 0
26.32 0 4.56792 0 0 0 0
26.33 0 4.57056 0 0 0 0
26.34 0 4.5732 0 0 0 0
26.35 0 4.57583 0 0 0 0
26.36 0 4.57845 0 0 0 0
26.37 0 4.58107 0 0 0 0
26.38 0 4.58369 0 0 0 0
26.39 0 4.5863 0 0 0 0
26.4 0 4.5889 0 0 0 0
26.41 0 4.5915 0 0 0 0
26.42 0 4.59409 0 0 0 0
26.43 0 4.59668 0 0 0 0
26.44 0 4.59926 0 0 0 0
26.45 0 4.60184 0 0 0 0
26.46 0 4.60441 0 0 0 0
26.47 0 4.60698 0 0 0 0
26.48 0 4.60954 0 0 0 0
26.49 0 4.6121 0 0 0 0
26.5 0 4.61465 0 0 0 0
26.51 0 4.61719 0 0 0 0
26.52 0 4.61973 0 0 0 0
26.53 0 4.62226 0 0 0 0
26.54 0 4.62479 0 0 0 0
26.55 0 4.62732 0 0 0 0
26.56 0 4.62983 0 0 0 0
26.57 0 4.63234 0 0 0 0
26.58 0 4.63485 0 0 0 0
26.59 0 4.63735 0 0 0 0
26.6 0 4.63984 0 0 0 0
26.61 0 4.64233 0 0 0 0
26.62 0 4.64482 0 0 0 0
26.63 0 4.64729 0 0 0 0
26.64 0 4.64977 0 0 0 0
26.65 0 4.65223 0 0 0 0
26.66 0 4.65469 0 0 0 0
26.67 0 4.65715 0 0 0 0
26.68 0 4.6596 0 0 0 0
26.69 0 4.66204 0 0 0 0
26.7 0 4.66448 0 0 0 0
26.71 0 4.66691 0 0 0 0
26.72 0 4.66934 0 0 0 0
26.73 0 4.67176 0 0 0 0
26.74 0 4.67418 0 0 0 0
26.75 0 4.67659 0 0 0 0
26.76 0 4.67899 0 0 0 0
26.77 0 4.68139 0 0 0 0
26.78 0 4.68379 0 0 0 0
26.79 0 4.68617 0 0 0 0
26.8 0 4.68856 0 0 0 0
26.81 0 4.69093 0 0 0 0
26.82 0 4.6933 0 0 0 0
26.83 0 4.69567 0 0 0 0
26.84 0 4.69803 0 0 0 0
26.85 0 4.70038 0 0 0 0
26.86 0 4.70273 0 0 0 0
26.87 0 4.70507 0 0 0 0
26.88 0 4.70741 0 0 0 0
26.89 0 4.70974 0 0 0 0
26.9 0 4.71206 0 0 0 0
26.91 0 4.71438 0 0 0 0
26.92 0 4.71669 0 0 0 0
26.93 0 4.719 0 0 0 0
26.94 0 4.7213 0 0 0 0
26.95 0 4.7236 0 0 0 0
26.96 0 4.72589 0 0 0 0
26.97 0 4.72817 0 0 0 0
26.98 0 4.73045 0 0 0 0
26.99 0 4.73272 0 0 0 0
27 0 4.73499 0 0 0 0
27.01 0 4.73725 0 0 0 0
27.02 0 4.73951 0 0 0 0
27.03 0 4.74175 0 0 0 0
27.04 0 4.744 0 0 0 0
27.05 0 4.74623 0 0 0 0
27.06 0 4.74847 0 0 0 0
27.07 0 4.75069 0 0 0 0
27.08 0 4.75291 0 0 0 0
27.09 0 4.75512 0 0 0 0
27.1 0 4.75733 0 0 0 0
27.11 0 4.75953 0 0 0 0
27.12 0 4.76173 0 0 0 0
27.13 0 4.76392 0 0 0 0
27.14 0 4.7661 0 0 0 0
27.15 0 4.76828 0 0 0 0
27.16 0 4.77045 0 0 0 0
27.17 0 4.77262 0 0 0 0
27.18 0 4.77478 0 0 0 0
27.19 0 4.77694 0 0 0 0
27.2 0 4.77909 0 0 0 0
27.21 0 4.78123 0 0 0 0
27.22 0 4.78337 0 0 0 0
27.23 0 4.7855 0 0 0 0
27.24 0 4.78763 0 0 0 0
27.25 0 4.78975 0 0 0 0
27.26 0 4.79186 0 0 0 0
27.27 0 4.79397 0 0 0 0
27.28 0 4.79607 0 0 0 0
27.29 0 4.79817 0 0 0 0
27.3 0 4.80026 0 0 0 0
27.31 0 4.80235 0 0 0 0
27.32 0 4.80443 0 0 0 0
27.33 0 4.8065 0 0 0 0
27.34 0 4.80857 0 0 0 0
27.35 0 4.81063 0 0 0 0
27.36 0 4.81269 0 0 0 0
27.37 0 4.81474 0 0 0 0
27.38 0 4.81678 0 0 0 0
27.39 0 4.81882 0 0 0 0
27.4 0 4.82086 0 0 0 0
27.41 0 4.82288 0 0 0 0
27.42 0 4.8249 0 0 0 0
27.43 0 4.82692 0 0 0 0
27.44 0 4.82893 0 0 0 0
27.45 0 4.83093 0 0 0 0
27.46 0 4.83293 0 0 0 0
27.47 0 4.83493 0 0 0 0
27.48 0 4.83691 0 0 0 0
27.49 0 4.83889 0 0 0 0
27.5 0 4.84087 0 0 0 0
27.51 0 4.84284 0 0 0 0
27.52 0 4.8448 0 0 0 0
27.53 0 4.84676 0 0 0 0
27.54 0 4.84871 0 0 0 0
27.55 0 4.85066 0 0 0 0
27.56 0 4.8526 0 0 0 0
27.57 0 4.85453 0 0 0 0
27.58 0 4.85646 0 0 0 0
27.59 0 4.85838 0 0 0 0
27.6 0 4.8603 0 0 0 0
27.61 0 4.86221 0 0 0 0
27.62 0 4.86412 0 0 0 0
27.63 0 4.86602 0 0 0 0
27.64 0 4.86791 0 0 0 0
27.65 0 4.8698 0 0 0 0
27.66 0 4.87169 0 0 0 0
27.67 0 4.87356 0 0 0 0
27.68 0 4.87544 0 0 0 0
27.69 0 4.8773 0 0 0 0
27.7 0 4.87916 0 0 0 0
27.71 0 4.88102 0 0 0 0
27.72 0 4.88287 0 0 0 0
27.73 0 4.88471 0 0 0 0
27.74 0 4.88655 0 0 0 0
27.75 0 4.88838 0 0 0 0
27.76 0 4.89021 0 0 0 0
27.77 0 4.89203 0 0 0 0
27.78 0 4.89385 0 0 0 0
27.79 0 4.89566 0 0 0 0
27.8 0 4.89747 0 0 0 0
27.81 0 4.89927 0 0 0 0
27.82 0 4.90106 0 0 0 0
27.83 0 4.90285 0 0 0 0
27.84 0 4.90464 0 0 0 0
27.85 0 4.90642 0 0 0 0
27.86 0 4.90819 0 0 0 0
27.87 0 4.90996 0 0 0 0
27.88 0 4.91172 0 0 0 0
27.89 0 4.91348 0 0 0 0
27.9 0 4.91523 0 0 0 0
27.91 0 4.91698 0 0 0 0
27.92 0 4.91872 0 0 0 0
27.93 0 4.92046 0 0 0 0
27.94 0 4.92219 0 0 0 0
27.95 0 4.92391 0 0 0 0
27.96 0 4.92564 0 0 0 0
27.97 0 4.92735 0 0 0 0
27.98 0 4.92906 0 0 0 0
27.99 0 4.93077 0 0 0 0
28 0 4.93247 0 0 0 0
28.01 0 4.93416 0 0 0 0
28.02 0 4.93586 0 0 0 0
28.03 0 4.93754 0 0 0 0
28.04 0 4.93922 0 0 0 0
28.05 0 4.9409 0 0 0 0
28.06 0 4.94257 0 0 0 0
28.07 0 4.94423 0 0 0 0
28.08 0 4.94589 0 0 0 0
28.09 0 4.94755 0 0 0 0
28.1 0 4.9492 0 0 0 0
28.11 0 4.95085 0 0 0 0
28.12 0 4.95249 0 0 0 0
28.13 0 4.95413 0 0 0 0
28.14 0 4.95576 0 0 0 0
28.15 0 4.95739 0 0 0 0
28.16 0 4.95901 0 0 0 0
28.17 0 4.96063 0 0 0 0
28.18 0 4.96224 0 0 0 0
28.19 0 4.96385 0 0 0 0
28.2 0 4.96545 0 0 0 0
28.21 0 4.96705 0 0 0 0
28.22 0 4.96865 0 0 0 0
28.23 0 4.97024 0 0 0 0
28.24 0 4.97182 0 0 0 0
28.25 0 4.9734 0 0 0 0
28.26 0 4.97498 0 0 0 0
28.27 0 4.97655 0 0 0 0
28.28 0 4.97812 0 0 0 0
28.29 0 4.97968 0 0 0 0
28.3 0 4.98124 0 0 0 0
28.31 0 4.9828 0 0 0 0
28.32 0 4.98435 0 0 0 0
28.33 0 4.98589 0 0 0 0
28.34 0 4.98743 0 0 0 0
28.35 0 4.98897 0 0 0 0
28.36 0 4.9905 0 0 0 0
28.37 0 4.99203 0 0 0 0
28.38 0 4.99356 0 0 0 0
28.39 0 4.99508 0 0 0 0
28.4 0 4.9966 0 0 0 0
28.41 0 4.99811 0 0 0 0
28.42 0 4.99962 0 0 0 0
28.43 0 5.00112 0 0 0 0
28.44 0 5.00262 0 0 0 0
28.45 0 5.00412 0 0 0 0
28.46 0 5.00561 0 0 0 0
28.47 0 5.0071 0 0 0 0
28.48 0 5.00858 0 0 0 0
28.49 0 5.01006 0 0 0 0
28.5 0 5.01154 0 0 0 0
28.51 0 5.01301 0 0 0 0
28.52 0 5.01448 0 0 0 0
28.53 0 5.01594 0 0 0 0
28.54 0 5.0174 0 0 0 0
28.55 0 5.01886 0 0 0 0
28.56 0 5.02031 0 0 0 0
28.57 0 5.02176 0 0 0 0
28.58 0 5.0232 0 0 0 0
28.59 0 5.02465 0 0 0 0
28.6 0 5.02608 0 0 0 0
28.61 0 5.02752 0 0 0 0
28.62 0 5.02895 0 0 0 0
28.63 0 5.03038 0 0 0 0
28.64 0 5.0318 0 0 0 0
28.65 0 5.03322 0 0 0 0
28.66 0 5.03464 0 0 0 0
28.67 0 5.03605 0 0 0 0
28.68 0 5.03746 0 0 0 0
28.69 0 5.03887 0 0 0 0
28.7 0 5.04027 0 0 0 0
28.71 0 5.04167 0 0 0 0
28.72 0 5.04307 0 0 0 0
28.73 0 5.04446 0 0 0 0
28.74 0 5.04585 0 0 0 0
28.75 0 5.04724 0 0 0 0
28.76 0 5.04862 0 0 0 0
28.77 0 5.05 0 0 0 0
28.78 0 5.05138 0 0 0 0
28.79 0 5.05275 0 0 0 0
28.8 0 5.05412 0 0 0 0
28.81 0 5.05549 0 0 0 0
28.82 0 5.05685 0 0 0 0
28.83 0 5.05821 0 0 0 0
28.84 0 5.05957 0 0 0 0
28.85 0 5.06093 0 0 0 0
28.86 0 5.06228 0 0 0 0
28.87 0 5.06363 0 0 0 0
28.88 0 5.06497 0 0 0 0
28.89 0 5.06632 0 0 0 0
28.9 0 5.06766 0 0 0 0
28.91 0 5.069 0 0 0 0
28.92 0 5.07033 0 0 0 0
28.93 0 5.07167 0 0 0 0
28.94 0 5.073 0 0 0 0
28.95 0 5.07432 0 0 0 0
28.96 0 5.07565 0 0 0 0
28.97 0 5.07697 0 0 0 0
28.98 0 5.07829 0 0 0 0
28.99 0 5.0796 0 0 0 0
29 0 5.08092 0 0 0 0
29.01 0 5.08223 0 0 0 0
29.02 0 5.08354 0 0 0 0
29.03 0 5.08484 0 0 0 0
29.04 0 5.08615 0 0 0 0
29.05 0 5.08745 0 0 0 0
29.06 0 5.08874 0 0 0 0
29.07 0 5.09004 0 0 0 0
29.08 0 5.09133 0 0 0 0
29.09 0 5.09263 0 0 0 0
29.1 0 5.09392 0 0 0 0
29.11 0 5.0952 0 0 0 0
29.12 0 5.09649 0 0 0 0
29.13 0 5.09777 0 0 0 0
29.14 0 5.09905 0 0 0 0
29.15 0 5.10033 0 0 0 0
29.16 0 5.1016 0 0 0 0
29.17 0 5.10288 0 0 0 0
29.18 0 5.10415 0 0 0 0
29.19 0 5.10542 0 0 0 0
29.2 0 5.10669 0 0 0 0
29.21 0 5.10795 0 0 0 0
29.22 0 5.10922 0 0 0 0
29.23 0 5.11048 0 0 0 0
29.24 0 5.11174 0 0 0 0
29.25 0 5.113 0 0 0 0
29.26 0 5.11426 0 0 0 0
29.27 0 5.11552 0 0 0 0
29.28 0 5.11677 0 0 0 0
29.29 0 5.11802 0 0 0 0
29.3 0 5.11927 0 0 0 0
29.31 0 5.12052 0 0 0 0
29.32 0 5.12177 0 0 0 0
29.33 0 5.12302 0 0 0 0
29.34 0 5.12427 0 0 0 0
29.35 0 5.12551 0 0 0 0
29.36 0 5.12675 0 0 0 0
29.37 0 5.12799 0 0 0 0
29.38 0 5.12923 0 0 0 0
29.39 0 5.13047 0 0 0 0
29.4 0 5.13171 0 0 0 0
29.41 0 5.13295 0 0 0 0
29.42 0 5.13419 0 0 0 0
29.43 0 5.13542 0 0 0 0
29.44 0 5.13665 0 0 0 0
29.45 0 5.13789 0 0 0 0
29.46 0 5.13912 0 0 0 0
29.47 0 5.14035 0 0 0 0
29.48 0 5.14158 0 0 0 0
29.49 0 5.14281 0 0 0 0
29.5 0 5.14404 0 0 0 0
29.51 0 5.14526 0 0 0 0
29.52 0 5.14649 0 0 0 0
29.53 0 5.14772 0 0 0 0
29.54 0 5.14894 0 0 0 0
29.55 0 5.15017 0 0 0 0
29.56 0 5.15139 0 0 0 0
29.57 0 5.15262 0 0 0 0
29.58 0 5.15384 0 0 0 0
29.59 0 5.15506 0 0 0 0
29.6 0 5.15629 0 0 0 0
29.61 0 5.15751 0 0 0 0
29.62 0 5.15873 0 0 0 0
29.63 0 5.15995 0 0 0 0
29.64 0 5.16117 0 0 0 0
29.65 0 5.16239 0 0 0 0
29.66 0 5.16361 0 0 0 0
29.67 0 5.16484 0 0 0 0
29.68 0 5.16606 0 0 0 0
29.69 0 5.16728 0 0 0 0
29.7 0 5.1685 0 0 0 0
29.71 0 5.16972 0 0 0 0
29.72 0 5.17094 0 0 0 0
29.73 0 5.17216 0 0 0 0
29.74 0 5.17338 0 0 0 0
29.75 0 5.17461 0 0 0 0
29.76 0 5.17583 0 0 0 0
29.77 0 5.17705 0 0 0 0
29.78 0 5.17828 0 0 0 0
29.79 0 5.1795 0 0 0 0
29.8 0 5.18072 0 0 0 0
29.81 0 5.18195 0 0 0 0
29.82 0 5.18317 0 0 0 0
29.83 0 5.1844 0 0 0 0
29.84 0 5.18563 0 0 0 0
29.85 0 5.18685 0 0 0 0
29.86 0 5.18808 0 0 0 0
29.87 0 5.18931 0 0 0 0
29.88 0 5.19054 0 0 0 0
29.89 0 5.19177 0 0 0 0
29.9 0 5.193 0 0 0 0
29.91 0 5.19423 0 0 0 0
29.92 0 5.19547 0 0 0 0
29.93 0 5.1967 0 0 0 0
29.94 0 5.19794 0 0 0 0
29.95 0 5.19917 0 0 0 0
29.96 0 5.20041 0 0 0 0
29.97 0 5.20165 0 0 0 0
29.98 0 5.20289 0 0 0 0
29.99 0 5.20413 0 0 0 0
30 0 5.20537 0 0 0 0
30.01 0 5.20662 0 0 0 0
30.02 0 5.20786 0 0 0 0
30.03 0 5.20911 0 0 0 0
30.04 0 5.21036 0 0 0 0
30.05 0 5.21161 0 0 0 0
30.06 0 5.21286 0 0 0 0
30.07 0 5.21411 0 0 0 0
30.08 0 5.21537 0 0 0 0
30.09 0 5.21663 0 0 0 0
30.1 0 5.21788 0 0 0 0
30.11 0 5.21914 0 0 0 0
30.12 0 5.22041 0 0 0 0
30.13 0 5.22167 0 0 0 0
30.14 0 5.22293 0 0 0 0
30.15 0 5.2242 0 0 0 0
30.16 0 5.22547 0 0 0 0
30.17 0 5.22674 0 0 0 0
30.18 0 5.22802 0 0 0 0
30.19 0 5.22929 0 0 0 0
30.2 0 5.23057 0 0 0 0
30.21 0 5.23185 0 0 0 0
30.22 0 5.23313 0 0 0 0
30.23 0 5.23441 0 0 0 0
30.24 0 5.2357 0 0 0 0
30.25 0 5.23699 0 0 0 0
30.26 0 5.23828 0 0 0 0
30.27 0 5.23957 0 0 0 0
30.28 0 5.24086 0 0 0 0
30.29 0 5.24216 0 0 0 0
30.3 0 5.24346 0 0 0 0
30.31 0 5.24476 0 0 0 0
30.32 0 5.24607 0 0 0 0
30.33 0 5.24737 0 0 0 0
30.34 0 5.24868 0 0 0 0
30.35 0 5.24999 0 0 0 0
30.36 0 5.25131 0 0 0 0
30.37 0 5.25262 0 0 0 0
30.38 0 5.25394 0 0 0 0
30.39 0 5.25526 0 0 0 0
30.4 0 5.25659 0 0 0 0
30.41 0 5.25791 0 0 0 0
30.42 0 5.25924 0 0 0 0
30.43 0 5.26058 0 0 0 0
30.44 0 5.26191 0 0 0 0
30.45 0 5.26325 0 0 0 0
30.46 0 5.26459 0 0 0 0
30.47 0 5.26593 0 0 0 0
30.48 0 5.26728 0 0 0 0
30.49 0 5.26863 0 0 0 0
30.5 0 5.26998 0 0 0 0
30.51 0 5.27134 0 0 0 0
30.52 0 5.2727 0 0 0 0
30.53 0 5.27406 0 0 0 0
30.54 0 5.27542 0 0 0 0
30.55 0 5.27679 0 0 0 0
30.56 0 5.27816 0 0 0 0
30.57 0 5.27953 0 0 0 0
30.58 0 5.28091 0 0 0 0
30.59 0 5.28229 0 0 0 0
30.6 0 5.28367 0 0 0 0
30.61 0 5.28506 0 0 0 0
30.62 0 5.28645 0 0 0 0
30.63 0 5.28784 0 0 0 0
30.64 0 5.28923 0 0 0 0
30.65 0 5.29063 0 0 0 0
30.66 0 5.29203 0 0 0 0
30.67 0 5.29344 0 0 0 0
30.68 0 5.29485 0 0 0 0
30.69 0 5.29626 0 0 0 0
30.7 0 5.29767 0 0 0 0
30.71 0 5.29909 0 0 0 0
30.72 0 5.30051 0 0 0 0
30.73 0 5.30194 0 0 0 0
30.74 0 5.30337 0 0 0 0
30.75 0 5.3048 0 0 0 0
30.76 0 5.30623 0 0 0 0
30.77 0 5.30767 0 0 0 0
30.78 0 5.30911 0 0 0 0
30.79 0 5.31056 0 0 0 0
30.8 0 5.312 0 0 0 0
30.81 0 5.31346 0 0 0 0
30.82 0 5.31491 0 0 0 0
30.83 0 5.31637 0 0 0 0
30.84 0 5.31783 0 0 0 0
30.85 0 5.3193 0 0 0 0
30.86 0 5.32076 0 0 0 0
30.87 0 5.32224 0 0 0 0
30.88 0 5.32371 0 0 0 0
30.89 0 5.32519 0 0 0 0
30.9 0 5.32668 0 0 0 0
30.91 0 5.32816 0 0 0 0
30.92 0 5.32965 0 0 0 0
30.93 0 5.33115 0 0 0 0
30.94 0 5.33264 0 0 0 0
30.95 0 5.33415 0 0 0 0
30.96 0 5.33565 0 0 0 0
30.97 0 5.33716 0 0 0 0
30.98 0 5.33867 0 0 0 0
30.99 0 5.34019 0 0 0 0
31 0 5.34171 0 0 0 0
31.01 0 5.34323 0 0 0 0
31.02 0 5.34476 0 0 0 0
31.03 0 5.34629 0 0 0 0
31.04 0 5.34783 0 0 0 0
31.05 0 5.34937 0 0 0 0
31.06 0 5.35091 0 0 0 0
31.07 0 5.35246 0 0 0 0
31.08 0 5.35401 0 0 0 0
31.09 0 5.35556 0 0 0 0
31.1 0 5.35712 0 0 0 0
31.11 0 5.35868 0 0 0 0
31.12 0 5.36025 0 0 0 0
31.13 0 5.36182 0 0 0 0
31.14 0 5.36339 0 0 0 0
31.15 0 5.36497 0 0 0 0
31.16 0 5.36655 0 0 0 0
31.17 0 5.36814 0 0 0 0
31.18 0 5.36973 0 0 0 0
31.19 0 5.37132 0 0 0 0
31.2 0 5.37292 0 0 0 0
31.21 0 5.37452 0 0 0 0
31.22 0 5.37612 0 0 0 0
31.23 0 5.37773 0 0 0 0
31.24 0 5.37935 0 0 0 0
31.25 0 5.38096 0 0 0 0
31.26 0 5.38258 0 0 0 0
31.27 0 5.3842 0 0 0 0
31.28 0 5.38583 0 0 0 0
31.29 0 5.38746 0 0 0 0
31.3 0 5.3891 0 0 0 0
31.31 0 5.39074 0 0 0 0
31.32 0 5.39238 0 0 0 0
31.33 0 5.39403 0 0 0 0
31.34 0 5.39568 0 0 0 0
31.35 0 5.39733 0 0 0 0
31.36 0 5.39899 0 0 0 0
31.37 0 5.40065 0 0 0 0
31.38 0 5.40232 0 0 0 0
31.39 0 5.40399 0 0 0 0
31.4 0 5.40566 0 0 0 0
31.41 0 5.40734 0 0 0 0
31.42 0 5.40902 0 0 0 0
31.43 0 5.41071 0 0 0 0
31.44 0 5.4124 0 0 0 0
31.45 0 5.41409 0 0 0 0
31.46 0 5.41579 0 0 0 0
31.47 0 5.41749 0 0 0 0
31.48 0 5.4192 0 0 0 0
31.49 0 5.42091 0 0 0 0
31.5 0 5.42262 0 0 0 0
31.51 0 5.42434 0 0 0 0
31.52 0 5.42606 0 0 0 0
31.53 0 5.42779 0 0 0 0
31.54 0 5.42951 0 0 0 0
31.55 0 5.43125 0 0 0 0
31.56 0 5.43298 0 0 0 0
31.57 0 5.43472 0 0 0 0
31.58 0 5.43647 0 0 0 0
31.59 0 5.43822 0 0 0 0
31.6 0 5.43997 0 0 0 0
31.61 0 5.44172 0 0 0 0
31.62 0 5.44348 0 0 0 0
31.63 0 5.44524 0 0 0 0
31.64 0 5.44701 0 0 0 0
31.65 0 5.44878 0 0 0 0
31.66 0 5.45055 0 0 0 0
31.67 0 5.45233 0 0 0 0
31.68 0 5.45411 0 0 0 0
31.69 0 5.45589 0 0 0 0
31.7 0 5.45768 0 0 0 0
31.71 0 5.45947 0 0 0 0
31.72 0 5.46126 0 0 0 0
31.73 0 5.46305 0 0 0 0
31.74 0 5.46485 0 0 0 0
31.75 0 5.46666 0 0 0 0
31.76 0 5.46846 0 0 0 0
31.77 0 5.47027 0 0 0 0
31.78 0 5.47208 0 0 0 0
31.79 0 5.4739 0 0 0 0
31.8 0 5.47572 0 0 0 0
31.81 0 5.47754 0 0 0 0
31.82 0 5.47936 0 0 0 0
31.83 0 5.48119 0 0 0 0
31.84 0 5.48302 0 0 0 0
31.85 0 5.48485 0 0 0 0
31.86 0 5.48669 0 0 0 0
31.87 0 5.48853 0 0 0 0
31.88 0 5.49037 0 0 0 0
31.89 0 5.49221 0 0 0 0
31.9 0 5.49406 0 0 0 0
31.91 0 5.49591 0 0 0 0
31.92 0 5.49776 0 0 0 0
31.93 0 5.49962 0 0 0 0
31.94 0 5.50148 0 0 0 0
31.95 0 5.50334 0 0 0 0
31.96 0 5.5052 0 0 0 0
31.97 0 5.50707 0 0 0 0
31.98 0 5.50893 0 0 0 0
31.99 0 5.5108 0 0 0 0
32 0 5.51268 0 0 0 0
32.01 0 5.51455 0 0 0 0
32.02 0 5.51643 0 0 0 0
32.03 0 5.51831 0 0 0 0
32.04 0 5.52019 0 0 0 0
32.05 0 5.52208 0 0 0 0
32.06 0 5.52396 0 0 0 0
32.07 0 5.52585 0 0 0 0
32.08 0 5.52774 0 0 0 0
32.09 0 5.52963 0 0 0 0
32.1 0 5.53153 0 0 0 0
32.11 0 5.53342 0 0 0 0
32.12 0 5.53532 0 0 0 0
32.13 0 5.53722 0 0 0 0
32.14 0 5.53912 0 0 0 0
32.15 0 5.54103 0 0 0 0
32.16 0 5.54293 0 0 0 0
32.17 0 5.54484 0 0 0 0
32.18 0 5.54674 0 0 0 0
32.19 0 5.54865 0 0 0 0
32.2 0 5.55056 0 0 0 0
32.21 0 5.55247 0 0 0 0
32.22 0 5.55438 0 0 0 0
32.23 0 5.55629 0 0 0 0
32.24 0 5.55821 0 0 0 0
32.25 0 5.56012 0 0 0 0
32.26 0 5.56204 0 0 0 0
32.27 0 5.56396 0 0 0 0
32.28 0 5.56587 0 0 0 0
32.29 0 5.56779 0 0 0 0
32.3 0 5.56971 0 0 0 0
32.31 0 5.57163 0 0 0 0
32.32 0 5.57355 0 0 0 0
32.33 0 5.57547 0 0 0 0
32.34 0 5.57739 0 0 0 0
32.35 0 5.57931 0 0 0 0
32.36 0 5.58123 0 0 0 0
32.37 0 5.58315 0 0 0 0
32.38 0 5.58507 0 0 0 0
32.39 0 5.58699 0 0 0 0
32.4 0 5.58892 0 0 0 0
32.41 0 5.59084 0 0 0 0
32.42 0 5.59276 0 0 0 0
32.43 0 5.59468 0 0 0 0
32.44 0 5.5966 0 0 0 0
32.45 0 5.59852 0 0 0 0
32.46 0 5.60044 0 0 0 0
32.47 0 5.60236 0 0 0 0
32.48 0 5.60428 0 0 0 0
32.49 0 5.6062 0 0 0 0
32.5 0 5.60812 0 0 0 0
32.51 0 5.61004 0 0 0 0
32.52 0 5.61196 0 0 0 0
32.53 0 5.61388 0 0 0 0
32.54 0 5.61579 0 0 0 0
32.55 0 5.61771 0 0 0 0
32.56 0 5.61962 0 0 0 0
32.57 0 5.62154 0 0 0 0
32.58 0 5.62345 0 0 0 0
32.59 0 5.62536 0 0 0 0
32.6 0 5.62727 0 0 0 0
32.61 0 5.62918 0 0 0 0
32.62 0 5.63109 0 0 0 0
32.63 0 5.633 0 0 0 0
32.64 0 5.6349 0 0 0 0
32.65 0 5.63681 0 0 0 0
32.66 0 5.63871 0 0 0 0
32.67 0 5.64061 0 0 0 0
32.68 0 5.64251 0 0 0 0
32.69 0 5.6444 0 0 0 0
32.7 0 5.6463 0 0 0 0
32.71 0 5.64819 0 0 0 0
32.72 0 5.65008 0 0 0 0
32.73 0 5.65197 0 0 0 0
32.74 0 5.65386 0 0 0 0
32.75 0 5.65574 0 0 0 0
32.76 0 5.65763 0 0 0 0
32.77 0 5.65951 0 0 0 0
32.78 0 5.66138 0 0 0 0
32.79 0 5.66326 0 0 0 0
32.8 0 5.66513 0 0 0 0
32.81 0 5.667 0 0 0 0
32.82 0 5.66887 0 0 0 0
32.83 0 5.67073 0 0 0 0
32.84 0 5.67259 0 0 0 0
32.85 0 5.67445 0 0 0 0
32.86 0 5.67631 0 0 0 0
32.87 0 5.67816 0 0 0 0
32.88 0 5.68001 0 0 0 0
32.89 0 5.68185 0 0 0 0
32.9 0 5.6837 0 0 0 0
32.91 0 5.68554 0 0 0 0
32.92 0 5.68737 0 0 0 0
32.93 0 5.68921 0 0 0 0
32.94 0 5.69104 0 0 0 0
32.95 0 5.69286 0 0 0 0
32.96 0 5.69468 0 0 0 0
32.97 0 5.6965 0 0 0 0
32.98 0 5.69832 0 0 0 0
32.99 0 5.70013 0 0 0 0
33 0 5.70193 0 0 0 0
33.01 0 5.70374 0 0 0 0
33.02 0 5.70554 0 0 0 0
33.03 0 5.70733 0 0 0 0
33.04 0 5.70912 0 0 0 0
33.05 0 5.71091 0 0 0 0
33.06 0 5.71269 0 0 0 0
33.07 0 5.71447 0 0 0 0
33.08 0 5.71624 0 0 0 0
33.09 0 5.71801 0 0 0 0
33.1 0 5.71978 0 0 0 0
33.11 0 5.72154 0 0 0 0
33.12 0 5.72329 0 0 0 0
33.13 0 5.72504 0 0 0 0
33.14 0 5.72679 0 0 0 0
33.15 0 5.72853 0 0 0 0
33.16 0 5.73027 0 0 0 0
33.17 0 5.732 0 0 0 0
33.18 0 5.73373 0 0 0 0
33.19 0 5.73545 0 0 0 0
33.2 0 5.73717 0 0 0 0
33.21 0 5.73888 0 0 0 0
33.22 0 5.74058 0 0 0 0
33.23 0 5.74228 0 0 0 0
33.24 0 5.74398 0 0 0 0
33.25 0 5.74567 0 0 0 0
33.26 0 5.74735 0 0 0 0
33.27 0 5.74903 0 0 0 0
33.28 0 5.7507 0 0 0 0
33.29 0 5.75237 0 0 0 0
33.3 0 5.75403 0 0 0 0
33.31 0 5.75569 0 0 0 0
33.32 0 5.75734 0 0 0 0
33.33 0 5.75898 0 0 0 0
33.34 0 5.76062 0 0 0 0
33.35 0 5.76225 0 0 0 0
33.36 0 5.76387 0 0 0 0
33.37 0 5.76549 0 0 0 0
33.38 0 5.76711 0 0 0 0
33.39 0 5.76871 0 0 0 0
33.4 0 5.77031 0 0 0 0
33.41 0 5.77191 0 0 0 0
33.42 0 5.77349 0 0 0 0
33.43 0 5.77507 0 0 0 0
33.44 0 5.77665 0 0 0 0
33.45 0 5.77821 0 0 0 0
33.46 0 5.77977 0 0 0 0
33.47 0 5.78133 0 0 0 0
33.48 0 5.78287 0 0 0 0
33.49 0 5.78441 0 0 0 0
33.5 0 5.78594 0 0 0 0
33.51 0 5.78747 0 0 0 0
33.52 0 5.78898 0 0 0 0
33.53 0 5.7905 0 0 0 0
33.54 0 5.792 0 0 0 0
33.55 0 5.79349 0 0 0 0
33.56 0 5.79498 0 0 0 0
33.57 0 5.79646 0 0 0 0
33.58 0 5.79794 0 0 0 0
33.59 0 5.7994 0 0 0 0
33.6 0 5.80086 0 0 0 0
33.61 0 5.80231 0 0 0 0
33.62 0 5.80375 0 0 0 0
33.63 0 5.80519 0 0 0 0
33.64 0 5.80662 0 0 0 0
33.65 0 5.80804 0 0 0 0
33.66 0 5.80945 0 0 0 0
33.67 0 5.81085 0 0 0 0
33.68 0 5.81225 0 0 0 0
33.69 0 5.81363 0 0 0 0
33.7 0 5.81501 0 0 0 0
33.71 0 5.81639 0 0 0 0
33.72 0 5.81775 0 0 0 0
33.73 0 5.8191 0 0 0 0
33.74 0 5.82045 0 0 0 0
33.75 0 5.82179 0 0 0 0
33.76 0 5.82312 0 0 0 0
33.77 0 5.82444 0 0 0 0
33.78 0 5.82575 0 0 0 0
33.79 0 5.82706 0 0 0 0
33.8 0 5.82835 0 0 0 0
33.81 0 5.82964 0 0 0 0
33.82 0 5.83092 0 0 0 0
33.83 0 5.83219 0 0 0 0
33.84 0 5.83345 0 0 0 0
33.85 0 5.8347 0 0 0 0
33.86 0 5.83595 0 0 0 0
33.87 0 5.83718 0 0 0 0
33.88 0 5.83841 0 0 0 0
33.89 0 5.83962 0 0 0 0
33.9 0 5.84083 0 0 0 0
33.91 0 5.84203 0 0 0 0
33.92 0 5.84322 0 0 0 0
33.93 0 5.8444 0 0 0 0
33.94 0 5.84557 0 0 0 0
33.95 0 5.84673 0 0 0 0
33.96 0 5.84788 0 0 0 0
33.97 0 5.84902 0 0 0 0
33.98 0 5.85015 0 0 0 0
33.99 0 5.85128 0 0 0 0
34 0 5.85239 0 0 0 0
34.01 0 5.8535 0 0 0 0
34.02 0 5.85459 0 0 0 0
34.03 0 5.85567 0 0 0 0
34.04 0 5.85675 0 0 0 0
34.05 0 5.85781 0 0 0 0
34.06 0 5.85887 0 0 0 0
34.07 0 5.85991 0 0 0 0
34.08 0 5.86095 0 0 0 0
34.09 0 5.86197 0 0 0 0
34.1 0 5.86299 0 0 0 0
34.11 0 5.864 0 0 0 0
34.12 0 5.86499 0 0 0 0
34.13 0 5.86598 0 0 0 0
34.14 0 5.86695 0 0 0 0
34.15 0 5.86792 0 0 0 0
34.16 0 5.86888 0 0 0 0
34.17 0 5.86982 0 0 0 0
34.18 0 5.87076 0 0 0 0
34.19 0 5.87169 0 0 0 0
34.2 0 5.8726 0 0 0 0
34.21 0 5.87351 0 0 0 0
34.22 0 5.87441 0 0 0 0
34.23 0 5.87529 0 0 0 0
34.24 0 5.87617 0 0 0 0
34.25 0 5.87704 0 0 0 0
34.26 0 5.87789 0 0 0 0
34.27 0 5.87874 0 0 0 0
34.28 0 5.87957 0 0 0 0
34.29 0 5.8804 0 0 0 0
34.3 0 5.88121 0 0 0 0
34.31 0 5.88202 0 0 0 0
34.32 0 5.88281 0 0 0 0
34.33 0 5.8836 0 0 0 0
34.34 0 5.88437 0 0 0 0
34.35 0 5.88514 0 0 0 0
34.36 0 5.88589 0 0 0 0
34.37 0 5.88664 0 0 0 0
34.38 0 5.88737 0 0 0 0
34.39 0 5.88809 0 0 0 0
34.4 0 5.88881 0 0 0 0
34.41 0 5.88951 0 0 0 0
34.42 0 5.8902 0 0 0 0
34.43 0 5.89088 0 0 0 0
34.44 0 5.89155 0 0 0 0
34.45 0 5.89221 0 0 0 0
34.46 0 5.89286 0 0 0 0
34.47 0 5.8935 0 0 0 0
34.48 0 5.89413 0 0 0 0
34.49 0 5.89475 0 0 0 0
34.5 0 5.89536 0 0 0 0
34.51 0 5.89596 0 0 0 0
34.52 0 5.89654 0 0 0 0
34.53 0 5.89712 0 0 0 0
34.54 0 5.89768 0 0 0 0
34.55 0 5.89824 0 0 0 0
34.56 0 5.89878 0 0 0 0
34.57 0 5.89932 0 0 0 0
34.58 0 5.89984 0 0 0 0
34.59 0 5.90035 0 0 0 0
34.6 0 5.90086 0 0 0 0
34.61 0 5.90135 0 0 0 0
34.62 0 5.90183 0 0 0 0
34.63 0 5.9023 0 0 0 0
34.64 0 5.90276 0 0 0 0
34.65 0 5.90321 0 0 0 0
34.66 0 5.90365 0 0 0 0
34.67 0 5.90408 0 0 0 0
34.68 0 5.9045 0 0 0 0
34.69 0 5.90491 0 0 0 0
34.7 0 5.90531 0 0 0 0
34.71 0 5.9057 0 0 0 0
34.72 0 5.90608 0 0 0 0
34.73 0 5.90645 0 0 0 0
34.74 0 5.90681 0 0 0 0
34.75 0 5.90716 0 0 0 0
34.76 0 5.9075 0 0 0 0
34.77 0 5.90783 0 0 0 0
34.78 0 5.90815 0 0 0 0
34.79 0 5.90846 0 0 0 0
34.8 0 5.90876 0 0 0 0
34.81 0 5.90905 0 0 0 0
34.82 0 5.90933 0 0 0 0
34.83 0 5.90959 0 0 0 0
34.84 0 5.90985 0 0 0 0
34.85 0 5.9101 0 0 0 0
34.86 0 5.91034 0 0 0 0
34.87 0 5.91057 0 0 0 0
34.88 0 5.91079 0 0 0 0
34.89 0 5.911 0 0 0 0
34.9 0 5.9112 0 0 0 0
34.91 0 5.91139 0 0 0 0
34.92 0 5.91157 0 0 0 0
34.93 0 5.91174 0 0 0 0
34.94 0 5.91191 0 0 0 0
34.95 0 5.91206 0 0 0 0
34.96 0 5.9122 0 0 0 0
34.97 0 5.91233 0 0 0 0
34.98 0 5.91245 0 0 0 0
34.99 0 5.91257 0 0 0 0
35 0 5.91267 0 0 0 0
35.01 0 5.91276 0 0 0 0
35.02 0 5.91285 0 0 0 0
35.03 0 5.91292 0 0 0 0
35.04 0 5.91298 0 0 0 0
35.05 0 5.91304 0 0 0 0
35.06 0 5.91309 0 0 0 0
35.07 0 5.91312 0 0 0 0
35.08 0 5.91315 0 0 0 0
35.09 0 5.91317 0 0 0 0
35.1 0 5.91318 0 0 0 0
35.11 0 5.91318 0 0 0 0
35.12 0 5.91317 0 0 0 0
35.13 0 5.91315 0 0 0 0
35.14 0 5.91312 0 0 0 0
35.15 0 5.91308 0 0 0 0
35.16 0 5.91304 0 0 0 0
35.17 0 5.91299 0 0 0 0
35.18 0 5.91292 0 0 0 0
35.19 0 5.91285 0 0 0 0
35.2 0 5.91277 0 0 0 0
35.21 0 5.91268 0 0 0 0
35.22 0 5.91259 0 0 0 0
35.23 0 5.91248 0 0 0 0
35.24 0 5.91237 0 0 0 0
35.25 0 5.91224 0 0 0 0
35.26 0 5.91211 0 0 0 0
35.27 0 5.91197 0 0 0 0
35.28 0 5.91182 0 0 0 0
35.29 0 5.91167 0 0 0 0
35.3 0 5.9115 0 0 0 0
35.31 0 5.91133 0 0 0 0
35.32 0 5.91115 0 0 0 0
35.33 0 5.91096 0 0 0 0
35.34 0 5.91077 0 0 0 0
35.35 0 5.91056 0 0 0 0
35.36 0 5.91035 0 0 0 0
35.37 0 5.91013 0 0 0 0
35.38 0 5.9099 0 0 0 0
35.39 0 5.90967 0 0 0 0
35.4 0 5.90942 0 0 0 0
35.41 0 5.90917 0 0 0 0
35.42 0 5.90892 0 0 0 0
35.43 0 5.90865 0 0 0 0
35.44 0 5.90838 0 0 0 0
35.45 0 5.90809 0 0 0 0
35.46 0 5.90781 0 0 0 0
35.47 0 5.90751 0 0 0 0
35.48 0 5.90721 0 0 0 0
35.49 0 5.9069 0 0 0 0
35.5 0 5.90658 0 0 0 0
35.51 0 5.90625 0 0 0 0
35.52 0 5.90592 0 0 0 0
35.53 0 5.90558 0 0 0 0
35.54 0 5.90524 0 0 0 0
35.55 0 5.90488 0 0 0 0
35.56 0 5.90452 0 0 0 0
35.57 0 5.90415 0 0 0 0
35.58 0 5.90378 0 0 0 0
35.59 0 5.9034 0 0 0 0
35.6 0 5.90301 0 0 0 0
35.61 0 5.90262 0 0 0 0
35.62 0 5.90222 0 0 0 0
35.63 0 5.90181 0 0 0 0
35.64 0 5.9014 0 0 0 0
35.65 0 5.90098 0 0 0 0
35.66 0 5.90055 0 0 0 0
35.67 0 5.90012 0 0 0 0
35.68 0 5.89968 0 0 0 0
35.69 0 5.89924 0 0 0 0
35.7 0 5.89879 0 0 0 0
35.71 0 5.89833 0 0 0 0
35.72 0 5.89787 0 0 0 0
35.73 0 5.89741 0 0 0 0
35.74 0 5.89693 0 0 0 0
35.75 0 5.89645 0 0 0 0
35.76 0 5.89597 0 0 0 0
35.77 0 5.89548 0 0 0 0
35.78 0 5.89498 0 0 0 0
35.79 0 5.89448 0 0 0 0
35.8 0 5.89397 0 0 0 0
35.81 0 5.89346 0 0 0 0
35.82 0 5.89294 0 0 0 0
35.83 0 5.89242 0 0 0 0
35.84 0 5.8919 0 0 0 0
35.85 0 5.89136 0 0 0 0
35.86 0 5.89082 0 0 0 0
35.87 0 5.89028 0 0 0 0
35.88 0 5.88974 0 0 0 0
35.89 0 5.88918 0 0 0 0
35.9 0 5.88863 0 0 0 0
35.91 0 5.88806 0 0 0 0
35.92 0 5.8875 0 0 0 0
35.93 0 5.88693 0 0 0 0
35.94 0 5.88635 0 0 0 0
35.95 0 5.88577 0 0 0 0
35.96 0 5.88519 0 0 0 0
35.97 0 5.8846 0 0 0 0
35.98 0 5.88401 0 0 0 0
35.99 0 5.88341 0 0 0 0
36 0 5.88281 0 0 0 0
36.01 0 5.8822 0 0 0 0
36.02 0 5.8816 0 0 0 0
36.03 0 5.88098 0 0 0 0
36.04 0 5.88037 0 0 0 0
36.05 0 5.87975 0 0 0 0
36.06 0 5.87912 0 0 0 0
36.07 0 5.87849 0 0 0 0
36.08 0 5.87786 0 0 0 0
36.09 0 5.87723 0 0 0 0
36.1 0 5.87659 0 0 0 0
36.11 0 5.87595 0 0 0 0
36.12 0 5.8753 0 0 0 0
36.13 0 5.87465 0 0 0 0
36.14 0 5.874 0 0 0 0
36.15 0 5.87334 0 0 0 0
36.16 0 5.87268 0 0 0 0
36.17 0 5.87202 0 0 0 0
36.18 0 5.87136 0 0 0 0
36.19 0 5.87069 0 0 0 0
36.2 0 5.87002 0 0 0 0
36.21 0 5.86935 0 0 0 0
36.22 0 5.86867 0 0 0 0
36.23 0 5.86799 0 0 0 0
36.24 0 5.86731 0 0 0 0
36.25 0 5.86663 0 0 0 0
36.26 0 5.86594 0 0 0 0
36.27 0 5.86525 0 0 0 0
36.28 0 5.86456 0 0 0 0
36.29 0 5.86387 0 0 0 0
36.3 0 5.86317 0 0 0 0
36.31 0 5.86247 0 0 0 0
36.32 0 5.86177 0 0 0 0
36.33 0 5.86107 0 0 0 0
36.34 0 5.86036 0 0 0 0
36.35 0 5.85966 0 0 0 0
36.36 0 5.85895 0 0 0 0
36.37 0 5.85824 0 0 0 0
36.38 0 5.85753 0 0 0 0
36.39 0 5.85681 0 0 0 0
36.4 0 5.8561 0 0 0 0
36.41 0 5.85538 0 0 0 0
36.42 0 5.85466 0 0 0 0
36.43 0 5.85394 0 0 0 0
36.44 0 5.85322 0 0 0 0
36.45 0 5.8525 0 0 0 0
36.46 0 5.85178 0 0 0 0
36.47 0 5.85105 0 0 0 0
36.48 0 5.85033 0 0 0 0
36.49 0 5.8496 0 0 0 0
36.5 0 5.84887 0 0 0 0
36.51 0 5.84814 0 0 0 0
36.52 0 5.84741 0 0 0 0
36.53 0 5.84668 0 0 0 0
36.54 0 5.84595 0 0 0 0
36.55 0 5.84522 0 0 0 0
36.56 0 5.84449 0 0 0 0
36.57 0 5.84375 0 0 0 0
36.58 0 5.84302 0 0 0 0
36.59 0 5.84228 0 0 0 0
36.6 0 5.84155 0 0 0 0
36.61 0 5.84081 0 0 0 0
36.62 0 5.84008 0 0 0 0
36.63 0 5.83934 0 0 0 0
36.64 0 5.8386 0 0 0 0
36.65 0 5.83787 0 0 0 0
36.66 0 5.83713 0 0 0 0
36.67 0 5.83639 0 0 0 0
36.68 0 5.83565 0 0 0 0
36.69 0 5.83492 0 0 0 0
36.7 0 5.83418 0 0 0 0
36.71 0 5.83344 0 0 0 0
36.72 0 5.8327 0 0 0 0
36.73 0 5.83197 0 0 0 0
36.74 0 5.83123 0 0 0 0
36.75 0 5.83049 0 0 0 0
36.76 0 5.82975 0 0 0 0
36.77 0 5.82902 0 0 0 0
36.78 0 5.82828 0 0 0 0
36.79 0 5.82754 0 0 0 0
36.8 0 5.82681 0 0 0 0
36.81 0 5.82607 0 0 0 0
36.82 0 5.82534 0 0 0 0
36.83 0 5.8246 0 0 0 0
36.84 0 5.82387 0 0 0 0
36.85 0 5.82314 0 0 0 0
36.86 0 5.8224 0 0 0 0
36.87 0 5.82167 0 0 0 0
36.88 0 5.82094 0 0 0 0
36.89 0 5.82021 0 0 0 0
36.9 0 5.81948 0 0 0 0
36.91 0 5.81875 0 0 0 0
36.92 0 5.81803 0 0 0 0
36.93 0 5.8173 0 0 0 0
36.94 0 5.81657 0 0 0 0
36.95 0 5.81585 0 0 0 0
36.96 0 5.81513 0 0 0 0
36.97 0 5.8144 0 0 0 0
36.98 0 5.81368 0 0 0 0
36.99 0 5.81296 0 0 0 0
37 0 5.81225 0 0 0 0
37.01 0 5.81153 0 0 0 0
37.02 0 5.81081 0 0 0 0
37.03 0 5.8101 0 0 0 0
37.04 0 5.80939 0 0 0 0
37.05 0 5.80868 0 0 0 0
37.06 0 5.80797 0 0 0 0
37.07 0 5.80726 0 0 0 0
37.08 0 5.80656 0 0 0 0
37.09 0 5.80585 0 0 0 0
37.1 0 5.80515 0 0 0 0
37.11 0 5.80445 0 0 0 0
37.12 0 5.80375 0 0 0 0
37.13 0 5.80305 0 0 0 0
37.14 0 5.80235 0 0 0 0
37.15 0 5.80166 0 0 0 0
37.16 0 5.80096 0 0 0 0
37.17 0 5.80027 0 0 0 0
37.18 0 5.79958 0 0 0 0
37.19 0 5.79889 0 0 0 0
37.2 0 5.79821 0 0 0 0
37.21 0 5.79752 0 0 0 0
37.22 0 5.79684 0 0 0 0
37.23 0 5.79616 0 0 0 0
37.24 0 5.79548 0 0 0 0
37.25 0 5.7948 0 0 0 0
37.26 0 5.79413 0 0 0 0
37.27 0 5.79345 0 0 0 0
37.28 0 5.79278 0 0 0 0
37.29 0 5.79211 0 0 0 0
37.3 0 5.79144 0 0 0 0
37.31 0 5.79078 0 0 0 0
37.32 0 5.79011 0 0 0 0
37.33 0 5.78945 0 0 0 0
37.34 0 5.78879 0 0 0 0
37.35 0 5.78813 0 0 0 0
37.36 0 5.78748 0 0 0 0
37.37 0 5.78682 0 0 0 0
37.38 0 5.78617 0 0 0 0
37.39 0 5.78552 0 0 0 0
37.4 0 5.78488 0 0 0 0
37.41 0 5.78423 0 0 0 0
37.42 0 5.78359 0 0 0 0
37.43 0 5.78295 0 0 0 0
37.44 0 5.78231 0 0 0 0
37.45 0 5.78167 0 0 0 0
37.46 0 5.78104 0 0 0 0
37.47 0 5.7804 0 0 0 0
37.48 0 5.77978 0 0 0 0
37.49 0 5.77915 0 0 0 0
37.5 0 5.77852 0 0 0 0
37.51 0 5.7779 0 0 0 0
37.52 0 5.77728 0 0 0 0
37.53 0 5.77666 0 0 0 0
37.54 0 5.77605 0 0 0 0
37.55 0 5.77543 0 0 0 0
37.56 0 5.77482 0 0 0 0
37.57 0 5.77421 0 0 0 0
37.58 0 5.77361 0 0 0 0
37.59 0 5.773 0 0 0 0
37.6 0 5.7724 0 0 0 0
37.61 0 5.7718 0 0 0 0
37.62 0 5.77121 0 0 0 0
37.63 0 5.77061 0 0 0 0
37.64 0 5.77002 0 0 0 0
37.65 0 5.76943 0 0 0 0
37.66 0 5.76884 0 0 0 0
37.67 0 5.76825 0 0 0 0
37.68 0 5.76767 0 0 0 0
37.69 0 5.76709 0 0 0 0
37.7 0 5.76651 0 0 0 0
37.71 0 5.76593 0 0 0 0
37.72 0 5.76536 0 0 0 0
37.73 0 5.76478 0 0 0 0
37.74 0 5.76421 0 0 0 0
37.75 0 5.76364 0 0 0 0
37.76 0 5.76308 0 0 0 0
37.77 0 5.76251 0 0 0 0
37.78 0 5.76195 0 0 0 0
37.79 0 5.76139 0 0 0 0
37.8 0 5.76083 0 0 0 0
37.81 0 5.76028 0 0 0 0
37.82 0 5.75972 0 0 0 0
37.83 0 5.75917 0 0 0 0
37.84 0 5.75862 0 0 0 0
37.85 0 5.75807 0 0 0 0
37.86 0 5.75753 0 0 0 0
37.87 0 5.75698 0 0 0 0
37.88 0 5.75644 0 0 0 0
37.89 0 5.7559 0 0 0 0
37.9 0 5.75537 0 0 0 0
37.91 0 5.75483 0 0 0 0
37.92 0 5.7543 0 0 0 0
37.93 0 5.75376 0 0 0 0
37.94 0 5.75323 0 0 0 0
37.95 0 5.75271 0 0 0 0
37.96 0 5.75218 0 0 0 0
37.97 0 5.75166 0 0 0 0
37.98 0 5.75114 0 0 0 0
37.99 0 5.75062 0 0 0 0
38 0 5.7501 0 0 0 0
38.01 0 5.74958 0 0 0 0
38.02 0 5.74907 0 0 0 0
38.03 0 5.74856 0 0 0 0
38.04 0 5.74805 0 0 0 0
38.05 0 5.74754 0 0 0 0
38.06 0 5.74703 0 0 0 0
38.07 0 5.74653 0 0 0 0
38.08 0 5.74603 0 0 0 0
38.09 0 5.74552 0 0 0 0
38.1 0 5.74503 0 0 0 0
38.11 0 5.74453 0 0 0 0
38.12 0 5.74403 0 0 0 0
38.13 0 5.74354 0 0 0 0
38.14 0 5.74304 0 0 0 0
38.15 0 5.74255 0 0 0 0
38.16 0 5.74206 0 0 0 0
38.17 0 5.74158 0 0 0 0
38.18 0 5.74109 0 0 0 0
38.19 0 5.7406 0 0 0 0
38.2 0 5.74012 0 0 0 0
38.21 0 5.73964 0 0 0 0
38.22 0 5.73916 0 0 0 0
38.23 0 5.73868 0 0 0 0
38.24 0 5.7382 0 0 0 0
38.25 0 5.73772 0 0 0 0
38.26 0 5.73724 0 0 0 0
38.27 0 5.73677 0 0 0 0
38.28 0 5.73629 0 0 0 0
38.29 0 5.73582 0 0 0 0
38.3 0 5.73535 0 0 0 0
38.31 0 5.73488 0 0 0 0
38.32 0 5.73441 0 0 0 0
38.33 0 5.73394 0 0 0 0
38.34 0 5.73348 0 0 0 0
38.35 0 5.73301 0 0 0 0
38.36 0 5.73254 0 0 0 0
38.37 0 5.73208 0 0 0 0
38.38 0 5.73162 0 0 0 0
38.39 0 5.73115 0 0 0 0
38.4 0 5.73069 0 0 0 0
38.41 0 5.73023 0 0 0 0
38.42 0 5.72977 0 0 0 0
38.43 0 5.72931 0 0 0 0
38.44 0 5.72886 0 0 0 0
38.45 0 5.7284 0 0 0 0
38.46 0 5.72794 0 0 0 0
38.47 0 5.72749 0 0 0 0
38.48 0 5.72703 0 0 0 0
38.49 0 5.72658 0 0 0 0
38.5 0 5.72612 0 0 0 0
38.51 0 5.72567 0 0 0 0
38.52 0 5.72521 0 0 0 0
38.53 0 5.72476 0 0 0 0
38.54 0 5.72431 0 0 0 0
38.55 0 5.72386 0 0 0 0
38.56 0 5.72341 0 0 0 0
38.57 0 5.72296 0 0 0 0
38.58 0 5.72251 0 0 0 0
38.59 0 5.72206 0 0 0 0
38.6 0 5.72161 0 0 0 0
38.61 0 5.72116 0 0 0 0
38.62 0 5.72071 0 0 0 0
38.63 0 5.72026 0 0 0 0
38.64 0 5.71981 0 0 0 0
38.65 0 5.71936 0 0 0 0
38.66 0 5.71891 0 0 0 0
38.67 0 5.71846 0 0 0 0
38.68 0 5.71801 0 0 0 0
38.69 0 5.71756 0 0 0 0
38.7 0 5.71712 0 0 0 0
38.71 0 5.71667 0 0 0 0
38.72 0 5.71622 0 0 0 0
38.73 0 5.71577 0 0 0 0
38.74 0 5.71532 0 0 0 0
38.75 0 5.71487 0 0 0 0
38.76 0 5.71442 0 0 0 0
38.77 0 5.71397 0 0 0 0
38.78 0 5.71352 0 0 0 0
38.79 0 5.71307 0 0 0 0
38.8 0 5.71261 0 0 0 0
38.81 0 5.71216 0 0 0 0
38.82 0 5.71171 0 0 0 0
38.83 0 5.71126 0 0 0 0
38.84 0 5.7108 0 0 0 0
38.85 0 5.71035 0 0 0 0
38.86 0 5.70989 0 0 0 0
38.87 0 5.70944 0 0 0 0
38.88 0 5.70898 0 0 0 0
38.89 0 5.70852 0 0 0 0
38.9 0 5.70807 0 0 0 0
38.91 0 5.70761 0 0 0 0
38.92 0 5.70715 0 0 0 0
38.93 0 5.70669 0 0 0 0
38.94 0 5.70623 0 0 0 0
38.95 0 5.70576 0 0 0 0
38.96 0 5.7053 0 0 0 0
38.97 0 5.70484 0 0 0 0
38.98 0 5.70437 0 0 0 0
38.99 0 5.7039 0 0 0 0
39 0 5.70344 0 0 0 0
39.01 0 5.70297 0 0 0 0
39.02 0 5.7025 0 0 0 0
39.03 0 5.70203 0 0 0 0
39.04 0 5.70155 0 0 0 0
39.05 0 5.70108 0 0 0 0
39.06 0 5.70061 0 0 0 0
39.07 0 5.70013 0 0 0 0
39.08 0 5.69965 0 0 0 0
39.09 0 5.69917 0 0 0 0
39.1 0 5.69869 0 0 0 0
39.11 0 5.69821 0 0 0 0
39.12 0 5.69773 0 0 0 0
39.13 0 5.69724 0 0 0 0
39.14 0 5.69675 0 0 0 0
39.15 0 5.69627 0 0 0 0
39.16 0 5.69578 0 0 0 0
39.17 0 5.69529 0 0 0 0
39.18 0 5.69479 0 0 0 0
39.19 0 5.6943 0 0 0 0
39.2 0 5.6938 0 0 0 0
39.21 0 5.6933 0 0 0 0
39.22 0 5.6928 0 0 0 0
39.23 0 5.6923 0 0 0 0
39.24 0 5.6918 0 0 0 0
39.25 0 5.69129 0 0 0 0
39.26 0 5.69078 0 0 0 0
39.27 0 5.69027 0 0 0 0
39.28 0 5.68976 0 0 0 0
39.29 0 5.68925 0 0 0 0
39.3 0 5.68873 0 0 0 0
39.31 0 5.68821 0 0 0 0
39.32 0 5.68769 0 0 0 0
39.33 0 5.68717 0 0 0 0
39.34 0 5.68665 0 0 0 0
39.35 0 5.68612 0 0 0 0
39.36 0 5.68559 0 0 0 0
39.37 0 5.68506 0 0 0 0
39.38 0 5.68453 0 0 0 0
39.39 0 5.68399 0 0 0 0
39.4 0 5.68345 0 0 0 0
39.41 0 5.68291 0 0 0 0
39.42 0 5.68237 0 0 0 0
39.43 0 5.68182 0 0 0 0
39.44 0 5.68128 0 0 0 0
39.45 0 5.68073 0 0 0 0
39.46 0 5.68017 0 0 0 0
39.47 0 5.67962 0 0 0 0
39.48 0 5.67906 0 0 0 0
39.49 0 5.6785 0 0 0 0
39.5 0 5.67793 0 0 0 0
39.51 0 5.67737 0 0 0 0
39.52 0 5.6768 0 0 0 0
39.53 0 5.67622 0 0 0 0
39.54 0 5.67565 0 0 0 0
39.55 0 5.67507 0 0 0 0
39.56 0 5.67449 0 0 0 0
39.57 0 5.67391 0 0 0 0
39.58 0 5.67332 0 0 0 0
39.59 0 5.67273 0 0 0 0
39.6 0 5.67214 0 0 0 0
39.61 0 5.67154 0 0 0 0
39.62 0 5.67095 0 0 0 0
39.63 0 5.67035 0 0 0 0
39.64 0 5.66974 0 0 0 0
39.65 0 5.66913 0 0 0 0
39.66 0 5.66852 0 0 0 0
39.67 0 5.66791 0 0 0 0
39.68 0 5.66729 0 0 0 0
39.69 0 5.66668 0 0 0 0
39.7 0 5.66605 0 0 0 0
